Component: ARM Compiler 5.05 update 1 (build 106) Tool: armlink [4d0efa]

==============================================================================

Section Cross References

    startup_stm32f030.o(STACK) refers (Special) to heapauxi.o(.text) for __use_two_region_memory
    startup_stm32f030.o(HEAP) refers (Special) to heapauxi.o(.text) for __use_two_region_memory
    startup_stm32f030.o(RESET) refers (Special) to heapauxi.o(.text) for __use_two_region_memory
    startup_stm32f030.o(RESET) refers to startup_stm32f030.o(STACK) for __initial_sp
    startup_stm32f030.o(RESET) refers to startup_stm32f030.o(.text) for Reset_Handler
    startup_stm32f030.o(RESET) refers to vga-min.o(i.PendSV_Handler) for PendSV_Handler
    startup_stm32f030.o(RESET) refers to ps2.o(i.EXTI0_1_IRQHandler) for EXTI0_1_IRQHandler
    startup_stm32f030.o(RESET) refers to vga-min.o(i.TIM3_IRQHandler) for TIM3_IRQHandler
    startup_stm32f030.o(RESET) refers to serial.o(i.USART1_IRQHandler) for USART1_IRQHandler
    startup_stm32f030.o(.text) refers (Special) to heapauxi.o(.text) for __use_two_region_memory
    startup_stm32f030.o(.text) refers to rcc.o(i.SystemInit) for SystemInit
    startup_stm32f030.o(.text) refers to __main.o(!!!main) for __main
    startup_stm32f030.o(.text) refers to startup_stm32f030.o(HEAP) for Heap_Mem
    startup_stm32f030.o(.text) refers to startup_stm32f030.o(STACK) for Stack_Mem
    vga-min.o(i.Delay) refers to vga-min.o(.data) for .data
    vga-min.o(i.TIM3_IRQHandler) refers to vga font12.o(.constdata) for FONT_TABLE
    vga-min.o(i.TIM3_IRQHandler) refers to vga-min.o(.bss) for .bss
    vga-min.o(i.TIM3_IRQHandler) refers to vga-min.o(.data) for .data
    vga-min.o(i.VGA_Init) refers to vga-min.o(.bss) for .bss
    serial.o(i.Putchar) refers to fifo.o(i.FIFO_Write) for FIFO_Write
    serial.o(i.Putchar) refers to serial.o(.data) for .data
    serial.o(i.USART1_IRQHandler) refers to fifo.o(i.FIFO_Write) for FIFO_Write
    serial.o(i.USART1_IRQHandler) refers to fifo.o(i.FIFO_Read) for FIFO_Read
    serial.o(i.USART1_IRQHandler) refers to serial.o(.data) for .data
    serial.o(i.USART_Init) refers to fifo.o(i.FIFO_Clear) for FIFO_Clear
    serial.o(i.USART_Init) refers to serial.o(.data) for .data
    fifo.o(i.Getc_Timeout) refers to vga-min.o(.data) for MicroTimer0
    ps2.o(i.EXTI0_1_IRQHandler) refers to fifo.o(i.FIFO_Write) for FIFO_Write
    ps2.o(i.EXTI0_1_IRQHandler) refers to ps2.o(.data) for .data
    ps2.o(i.EXTI0_1_IRQHandler) refers to vga-min.o(.data) for MicroTimer1
    ps2.o(i.Key_Modifers) refers to ps2.o(i.PS2_Send) for PS2_Send
    ps2.o(i.Key_Modifers) refers to ps2.o(.data) for .data
    ps2.o(i.PS2_Decode) refers to ps2.o(i.Key_Modifers) for Key_Modifers
    ps2.o(i.PS2_Decode) refers to strchr.o(.text) for strchr
    ps2.o(i.PS2_Decode) refers to rt_ctype_table.o(.text) for __rt_ctype_table
    ps2.o(i.PS2_Decode) refers to serial.o(i.Putchar) for Putchar
    ps2.o(i.PS2_Decode) refers to ps2 table.o(.constdata) for Kbd_Code
    ps2.o(i.PS2_Decode) refers to ps2.o(.data) for .data
    ps2.o(i.PS2_Init) refers to fifo.o(i.FIFO_Clear) for FIFO_Clear
    ps2.o(i.PS2_Init) refers to ps2.o(.data) for .data
    ps2.o(i.PS2_Send) refers to vga-min.o(i.Delay) for Delay
    ps2.o(i.PS2_Send) refers to ps2.o(.data) for .data
    ps2.o(i.PS2_Task) refers to fifo.o(i.Getc) for Getc
    ps2.o(i.PS2_Task) refers to ps2.o(i.PS2_Send) for PS2_Send
    ps2.o(i.PS2_Task) refers to ps2.o(i.PS2_Decode) for PS2_Decode
    ps2.o(i.PS2_Task) refers to ps2.o(.data) for .data
    ps2.o(i.PS2_Update_LED) refers to ps2.o(i.PS2_Send) for PS2_Send
    ps2.o(i.PS2_Update_LED) refers to ps2.o(.data) for .data
    term.o(i.main) refers to vga-min.o(i.VGA_Init) for VGA_Init
    term.o(i.main) refers to serial.o(i.USART_Init) for USART_Init
    term.o(i.main) refers to ps2.o(i.PS2_Init) for PS2_Init
    term.o(i.main) refers to ansi.o(i.ANSI_Init) for ANSI_Init
    term.o(i.main) refers to fifo.o(i.FIFO_ReadAvail) for FIFO_ReadAvail
    term.o(i.main) refers to fifo.o(i.Getc) for Getc
    term.o(i.main) refers to ansi.o(i.ANSI_FSM) for ANSI_FSM
    term.o(i.main) refers to ps2.o(i.PS2_Task) for PS2_Task
    term.o(i.main) refers to ansi.o(i.Cursor_Task) for Cursor_Task
    term.o(i.main) refers to ansi.o(.data) for Cursor
    term.o(i.main) refers to serial.o(.data) for RxBuf
    term.o(i.main) refers to ps2.o(.data) for PS2_Buf
    ansi.o(i.ANSI_FSM) refers to ansi.o(i.ControlCode) for ControlCode
    ansi.o(i.ANSI_FSM) refers to rt_ctype_table.o(.text) for __rt_ctype_table
    ansi.o(i.ANSI_FSM) refers to ansi.o(i.CSI_Sequence) for CSI_Sequence
    ansi.o(i.ANSI_FSM) refers to ansi.o(i.Cursor_MoveTo) for Cursor_MoveTo
    ansi.o(i.ANSI_FSM) refers to rt_memclr.o(.text) for __aeabi_memclr
    ansi.o(i.ANSI_FSM) refers to ansi.o(.bss) for .bss
    ansi.o(i.ANSI_FSM) refers to ansi.o(.data) for .data
    ansi.o(i.ANSI_Init) refers to ansi.o(i.VerticalBlank_CB) for VerticalBlank_CB
    ansi.o(i.ANSI_Init) refers to vga-min.o(.bss) for VGA
    ansi.o(i.ANSI_Init) refers to ansi.o(.data) for .data
    ansi.o(i.ANSI_Init) refers to ansi.o(.bss) for .bss
    ansi.o(i.CSI_Sequence) refers to serial.o(i.Putchar) for Putchar
    ansi.o(i.CSI_Sequence) refers to aeabi_sdivfast.o(.text) for __aeabi_uidivmod
    ansi.o(i.CSI_Sequence) refers to ansi.o(.bss) for .bss
    ansi.o(i.CSI_Sequence) refers to ansi.o(i.PutCSI) for i.PutCSI
    ansi.o(i.Clear_CSI) refers to rt_memclr.o(.text) for __aeabi_memclr
    ansi.o(i.Clear_CSI) refers to ansi.o(.bss) for .bss
    ansi.o(i.ControlCode) refers to ansi.o(i.Cursor_MoveTo) for Cursor_MoveTo
    ansi.o(i.ControlCode) refers to rt_memclr.o(.text) for __aeabi_memclr
    ansi.o(i.ControlCode) refers to ansi.o(.data) for .data
    ansi.o(i.ControlCode) refers to ansi.o(.bss) for .bss
    ansi.o(i.ControlCode) refers to vga-min.o(.bss) for TextBuffer
    ansi.o(i.Cursor_MoveTo) refers to rt_memmove.o(.text) for __aeabi_memmove
    ansi.o(i.Cursor_MoveTo) refers to rt_memclr.o(.text) for __aeabi_memclr
    ansi.o(i.Cursor_MoveTo) refers to ansi.o(.data) for .data
    ansi.o(i.Cursor_MoveTo) refers to vga-min.o(.bss) for TextBuffer
    ansi.o(i.Cursor_Task) refers to ansi.o(.data) for .data
    ansi.o(i.Cursor_Task) refers to vga-min.o(.bss) for TextBuffer
    ansi.o(i.PutCSI) refers to serial.o(i.Putchar) for Putchar
    ansi.o(i.PutCSI) refers to aeabi_sdivfast.o(.text) for __aeabi_uidivmod
    ansi.o(i.PutCSI) refers to ansi.o(.bss) for .bss
    ansi.o(i.PutStr) refers to serial.o(i.Putchar) for Putchar
    ansi.o(i.Putint) refers to aeabi_sdivfast.o(.text) for __aeabi_uidivmod
    ansi.o(i.Putint) refers to serial.o(i.Putchar) for Putchar
    ansi.o(i.ScrollDown) refers to rt_memmove.o(.text) for __aeabi_memmove
    ansi.o(i.ScrollDown) refers to rt_memclr.o(.text) for __aeabi_memclr
    ansi.o(i.ScrollDown) refers to vga-min.o(.bss) for TextBuffer
    ansi.o(i.ScrollUp) refers to rt_memmove.o(.text) for __aeabi_memmove
    ansi.o(i.ScrollUp) refers to rt_memclr.o(.text) for __aeabi_memclr
    ansi.o(i.ScrollUp) refers to vga-min.o(.bss) for TextBuffer
    ansi.o(i.VGA_Cls) refers to rt_memclr.o(.text) for __aeabi_memclr
    ansi.o(i.VGA_Cls) refers to vga-min.o(.bss) for TextBuffer
    ansi.o(i.VGA_Putch) refers to ansi.o(i.Cursor_MoveTo) for Cursor_MoveTo
    ansi.o(i.VGA_Putch) refers to ansi.o(.data) for .data
    ansi.o(i.VerticalBlank_CB) refers to ansi.o(.data) for .data
    rt_ctype_table.o(.text) refers to rt_locale_intlibspace.o(.text) for __rt_locale
    rt_ctype_table.o(.text) refers to lc_ctype_c.o(locale$$code) for _get_lc_ctype
    rt_memmove.o(.text) refers to rt_memcpy.o(.emb_text) for __aeabi_memcpy4
    rt_memmove.o(.text) refers to rt_memcpy.o(.text) for __aeabi_memcpy
    __main.o(!!!main) refers to __rtentry.o(.ARM.Collect$$rtentry$$00000000) for __rt_entry
    __rtentry.o(.ARM.Collect$$rtentry$$00000000) refers (Special) to __rtentry2.o(.ARM.Collect$$rtentry$$0000000A) for __rt_entry_li
    __rtentry.o(.ARM.Collect$$rtentry$$00000000) refers (Special) to __rtentry2.o(.ARM.Collect$$rtentry$$0000000D) for __rt_entry_main
    __rtentry.o(.ARM.Collect$$rtentry$$00000000) refers (Special) to __rtentry2.o(.ARM.Collect$$rtentry$$0000000C) for __rt_entry_postli_1
    __rtentry.o(.ARM.Collect$$rtentry$$00000000) refers (Special) to __rtentry2.o(.ARM.Collect$$rtentry$$00000009) for __rt_entry_postsh_1
    __rtentry.o(.ARM.Collect$$rtentry$$00000000) refers (Special) to __rtentry2.o(.ARM.Collect$$rtentry$$00000002) for __rt_entry_presh_1
    __rtentry.o(.ARM.Collect$$rtentry$$00000000) refers (Special) to __rtentry4.o(.ARM.Collect$$rtentry$$00000004) for __rt_entry_sh
    aeabi_idiv0_sigfpe.o(.text) refers to rt_div0.o(.text) for __rt_div0
    rt_locale.o(.text) refers to rt_locale.o(.bss) for __rt_locale_data
    rt_locale_intlibspace.o(.text) refers to libspace.o(.bss) for __libspace_start
    lc_ctype_c.o(locale$$data) refers (Special) to libinit2.o(.ARM.Collect$$libinit$$00000012) for __rt_lib_init_lc_ctype_2
    lc_ctype_c.o(locale$$code) refers (Special) to libinit2.o(.ARM.Collect$$libinit$$00000012) for __rt_lib_init_lc_ctype_2
    lc_ctype_c.o(locale$$code) refers to strcmpv6m.o(.text) for strcmp
    lc_ctype_c.o(locale$$code) refers to lc_ctype_c.o(locale$$data) for __lcctype_c_name
    rt_memcpy.o(.text) refers to rt_memcpy.o(.emb_text) for __aeabi_memcpy4
    libspace.o(.text) refers to libspace.o(.bss) for __libspace_start
    __rtentry2.o(.ARM.Collect$$rtentry$$00000008) refers to boardinit2.o(.text) for _platform_post_stackheap_init
    __rtentry2.o(.ARM.Collect$$rtentry$$0000000A) refers to libinit.o(.ARM.Collect$$libinit$$00000000) for __rt_lib_init
    __rtentry2.o(.ARM.Collect$$rtentry$$0000000B) refers to boardinit3.o(.text) for _platform_post_lib_init
    __rtentry2.o(.ARM.Collect$$rtentry$$0000000D) refers to term.o(i.main) for main
    __rtentry2.o(.ARM.Collect$$rtentry$$0000000D) refers to exit.o(.text) for exit
    __rtentry2.o(.ARM.exidx) refers to __rtentry2.o(.ARM.Collect$$rtentry$$00000001) for .ARM.Collect$$rtentry$$00000001
    __rtentry2.o(.ARM.exidx) refers to __rtentry2.o(.ARM.Collect$$rtentry$$00000008) for .ARM.Collect$$rtentry$$00000008
    __rtentry2.o(.ARM.exidx) refers to __rtentry2.o(.ARM.Collect$$rtentry$$0000000A) for .ARM.Collect$$rtentry$$0000000A
    __rtentry2.o(.ARM.exidx) refers to __rtentry2.o(.ARM.Collect$$rtentry$$0000000B) for .ARM.Collect$$rtentry$$0000000B
    __rtentry2.o(.ARM.exidx) refers to __rtentry2.o(.ARM.Collect$$rtentry$$0000000D) for .ARM.Collect$$rtentry$$0000000D
    __rtentry4.o(.ARM.Collect$$rtentry$$00000004) refers to sys_stackheap_outer.o(.text) for __user_setup_stackheap
    __rtentry4.o(.ARM.exidx) refers to __rtentry4.o(.ARM.Collect$$rtentry$$00000004) for .ARM.Collect$$rtentry$$00000004
    rt_div0.o(.text) refers to defsig_fpe_outer.o(.text) for __rt_SIGFPE
    libinit2.o(.ARM.Collect$$libinit$$0000000F) refers (Weak) to rt_locale_intlibspace.o(.text) for __rt_locale
    libinit2.o(.ARM.Collect$$libinit$$00000010) refers to libinit2.o(.ARM.Collect$$libinit$$0000000F) for .ARM.Collect$$libinit$$0000000F
    libinit2.o(.ARM.Collect$$libinit$$00000012) refers to libinit2.o(.ARM.Collect$$libinit$$0000000F) for .ARM.Collect$$libinit$$0000000F
    libinit2.o(.ARM.Collect$$libinit$$00000012) refers (Weak) to lc_ctype_c.o(locale$$code) for _get_lc_ctype
    libinit2.o(.ARM.Collect$$libinit$$00000014) refers to libinit2.o(.ARM.Collect$$libinit$$0000000F) for .ARM.Collect$$libinit$$0000000F
    libinit2.o(.ARM.Collect$$libinit$$00000016) refers to libinit2.o(.ARM.Collect$$libinit$$0000000F) for .ARM.Collect$$libinit$$0000000F
    libinit2.o(.ARM.Collect$$libinit$$00000018) refers to libinit2.o(.ARM.Collect$$libinit$$0000000F) for .ARM.Collect$$libinit$$0000000F
    libinit2.o(.ARM.Collect$$libinit$$00000026) refers to argv_veneer.o(.text) for __ARM_argv_veneer
    libinit2.o(.ARM.Collect$$libinit$$00000027) refers to argv_veneer.o(.text) for __ARM_argv_veneer
    sys_stackheap_outer.o(.text) refers to libspace.o(.text) for __user_perproc_libspace
    sys_stackheap_outer.o(.text) refers to startup_stm32f030.o(.text) for __user_initial_stackheap
    sys_stackheap_outer.o(__vectab_stack_and_reset_area) refers to tempstk.o(.text) for __temporary_stack_top
    sys_stackheap_outer.o(__vectab_stack_and_reset_area) refers to __main.o(!!!main) for __main
    exit.o(.text) refers to rtexit.o(.ARM.Collect$$rtexit$$00000000) for __rt_exit
    defsig_fpe_outer.o(.text) refers to defsig_fpe_inner.o(.text) for __rt_SIGFPE_inner
    defsig_fpe_outer.o(.text) refers to defsig_exit.o(.text) for __sig_exit
    defsig_fpe_formal.o(.text) refers to rt_raise.o(.text) for __rt_raise
    libinit.o(.ARM.Collect$$libinit$$00000000) refers (Special) to libinit2.o(.ARM.Collect$$libinit$$0000002E) for __rt_lib_init_alloca_1
    libinit.o(.ARM.Collect$$libinit$$00000000) refers (Special) to libinit2.o(.ARM.Collect$$libinit$$0000002C) for __rt_lib_init_argv_1
    libinit.o(.ARM.Collect$$libinit$$00000000) refers (Special) to libinit2.o(.ARM.Collect$$libinit$$0000001B) for __rt_lib_init_atexit_1
    libinit.o(.ARM.Collect$$libinit$$00000000) refers (Special) to libinit2.o(.ARM.Collect$$libinit$$00000021) for __rt_lib_init_clock_1
    libinit.o(.ARM.Collect$$libinit$$00000000) refers (Special) to libinit2.o(.ARM.Collect$$libinit$$00000032) for __rt_lib_init_cpp_1
    libinit.o(.ARM.Collect$$libinit$$00000000) refers (Special) to libinit2.o(.ARM.Collect$$libinit$$00000030) for __rt_lib_init_exceptions_1
    libinit.o(.ARM.Collect$$libinit$$00000000) refers (Special) to libinit2.o(.ARM.Collect$$libinit$$00000002) for __rt_lib_init_fp_1
    libinit.o(.ARM.Collect$$libinit$$00000000) refers (Special) to libinit2.o(.ARM.Collect$$libinit$$0000001F) for __rt_lib_init_fp_trap_1
    libinit.o(.ARM.Collect$$libinit$$00000000) refers (Special) to libinit2.o(.ARM.Collect$$libinit$$00000023) for __rt_lib_init_getenv_1
    libinit.o(.ARM.Collect$$libinit$$00000000) refers (Special) to libinit2.o(.ARM.Collect$$libinit$$0000000A) for __rt_lib_init_heap_1
    libinit.o(.ARM.Collect$$libinit$$00000000) refers (Special) to libinit2.o(.ARM.Collect$$libinit$$00000011) for __rt_lib_init_lc_collate_1
    libinit.o(.ARM.Collect$$libinit$$00000000) refers (Special) to libinit2.o(.ARM.Collect$$libinit$$00000013) for __rt_lib_init_lc_ctype_1
    libinit.o(.ARM.Collect$$libinit$$00000000) refers (Special) to libinit2.o(.ARM.Collect$$libinit$$00000015) for __rt_lib_init_lc_monetary_1
    libinit.o(.ARM.Collect$$libinit$$00000000) refers (Special) to libinit2.o(.ARM.Collect$$libinit$$00000017) for __rt_lib_init_lc_numeric_1
    libinit.o(.ARM.Collect$$libinit$$00000000) refers (Special) to libinit2.o(.ARM.Collect$$libinit$$00000019) for __rt_lib_init_lc_time_1
    libinit.o(.ARM.Collect$$libinit$$00000000) refers (Special) to libinit2.o(.ARM.Collect$$libinit$$00000004) for __rt_lib_init_preinit_1
    libinit.o(.ARM.Collect$$libinit$$00000000) refers (Special) to libinit2.o(.ARM.Collect$$libinit$$0000000E) for __rt_lib_init_rand_1
    libinit.o(.ARM.Collect$$libinit$$00000000) refers (Special) to libinit2.o(.ARM.Collect$$libinit$$00000033) for __rt_lib_init_return
    libinit.o(.ARM.Collect$$libinit$$00000000) refers (Special) to libinit2.o(.ARM.Collect$$libinit$$0000001D) for __rt_lib_init_signal_1
    libinit.o(.ARM.Collect$$libinit$$00000000) refers (Special) to libinit2.o(.ARM.Collect$$libinit$$00000025) for __rt_lib_init_stdio_1
    libinit.o(.ARM.Collect$$libinit$$00000000) refers (Special) to libinit2.o(.ARM.Collect$$libinit$$0000000C) for __rt_lib_init_user_alloc_1
    rtexit.o(.ARM.Collect$$rtexit$$00000000) refers (Special) to rtexit2.o(.ARM.Collect$$rtexit$$00000004) for __rt_exit_exit
    rtexit.o(.ARM.Collect$$rtexit$$00000000) refers (Special) to rtexit2.o(.ARM.Collect$$rtexit$$00000003) for __rt_exit_ls
    rtexit.o(.ARM.Collect$$rtexit$$00000000) refers (Special) to rtexit2.o(.ARM.Collect$$rtexit$$00000002) for __rt_exit_prels_1
    rtexit.o(.ARM.exidx) refers (Special) to rtexit2.o(.ARM.Collect$$rtexit$$00000004) for __rt_exit_exit
    rtexit.o(.ARM.exidx) refers (Special) to rtexit2.o(.ARM.Collect$$rtexit$$00000003) for __rt_exit_ls
    rtexit.o(.ARM.exidx) refers (Special) to rtexit2.o(.ARM.Collect$$rtexit$$00000002) for __rt_exit_prels_1
    rtexit.o(.ARM.exidx) refers to rtexit.o(.ARM.Collect$$rtexit$$00000000) for .ARM.Collect$$rtexit$$00000000
    rt_raise.o(.text) refers to __raise.o(.text) for __raise
    rt_raise.o(.text) refers to sys_exit.o(.text) for _sys_exit
    defsig_exit.o(.text) refers to sys_exit.o(.text) for _sys_exit
    defsig_fpe_inner.o(.text) refers to defsig_general.o(.text) for __default_signal_display
    _get_argv_nomalloc.o(.text) refers (Special) to hrguard.o(.text) for __heap_region$guard
    _get_argv_nomalloc.o(.text) refers to defsig_rtmem_outer.o(.text) for __rt_SIGRTMEM
    _get_argv_nomalloc.o(.text) refers to sys_command.o(.text) for _sys_command_string
    sys_command.o(.text) refers (Special) to use_no_semi.o(.text) for __I$use$semihosting
    sys_command.o(.text) refers (Special) to indicate_semi.o(.text) for __semihosting_library_function
    sys_exit.o(.text) refers (Special) to use_no_semi.o(.text) for __I$use$semihosting
    sys_exit.o(.text) refers (Special) to indicate_semi.o(.text) for __semihosting_library_function
    rtexit2.o(.ARM.Collect$$rtexit$$00000003) refers to libshutdown.o(.ARM.Collect$$libshutdown$$00000000) for __rt_lib_shutdown
    rtexit2.o(.ARM.Collect$$rtexit$$00000004) refers to sys_exit.o(.text) for _sys_exit
    rtexit2.o(.ARM.exidx) refers to rtexit2.o(.ARM.Collect$$rtexit$$00000001) for .ARM.Collect$$rtexit$$00000001
    rtexit2.o(.ARM.exidx) refers to rtexit2.o(.ARM.Collect$$rtexit$$00000003) for .ARM.Collect$$rtexit$$00000003
    rtexit2.o(.ARM.exidx) refers to rtexit2.o(.ARM.Collect$$rtexit$$00000004) for .ARM.Collect$$rtexit$$00000004
    __raise.o(.text) refers to defsig.o(CL$$defsig) for __default_signal_handler
    defsig_general.o(.text) refers to sys_wrch.o(.text) for _ttywrch
    defsig_rtmem_outer.o(.text) refers to defsig_rtmem_inner.o(.text) for __rt_SIGRTMEM_inner
    defsig_rtmem_outer.o(.text) refers to defsig_exit.o(.text) for __sig_exit
    defsig_rtmem_formal.o(.text) refers to rt_raise.o(.text) for __rt_raise
    sys_wrch.o(.text) refers (Special) to use_no_semi.o(.text) for __I$use$semihosting
    sys_wrch.o(.text) refers (Special) to indicate_semi.o(.text) for __semihosting_library_function
    defsig_rtmem_inner.o(.text) refers to defsig_general.o(.text) for __default_signal_display
    defsig.o(CL$$defsig) refers to defsig_fpe_inner.o(.text) for __rt_SIGFPE_inner
    defsig.o(CL$$defsig) refers to defsig_rtmem_inner.o(.text) for __rt_SIGRTMEM_inner
    libshutdown.o(.ARM.Collect$$libshutdown$$00000000) refers (Special) to libshutdown2.o(.ARM.Collect$$libshutdown$$00000006) for __rt_lib_shutdown_fp_trap_1
    libshutdown.o(.ARM.Collect$$libshutdown$$00000000) refers (Special) to libshutdown2.o(.ARM.Collect$$libshutdown$$0000000E) for __rt_lib_shutdown_heap_1
    libshutdown.o(.ARM.Collect$$libshutdown$$00000000) refers (Special) to libshutdown2.o(.ARM.Collect$$libshutdown$$0000000F) for __rt_lib_shutdown_return
    libshutdown.o(.ARM.Collect$$libshutdown$$00000000) refers (Special) to libshutdown2.o(.ARM.Collect$$libshutdown$$00000009) for __rt_lib_shutdown_signal_1
    libshutdown.o(.ARM.Collect$$libshutdown$$00000000) refers (Special) to libshutdown2.o(.ARM.Collect$$libshutdown$$00000003) for __rt_lib_shutdown_stdio_1
    libshutdown.o(.ARM.Collect$$libshutdown$$00000000) refers (Special) to libshutdown2.o(.ARM.Collect$$libshutdown$$0000000B) for __rt_lib_shutdown_user_alloc_1
    defsig_abrt_inner.o(.text) refers to defsig_general.o(.text) for __default_signal_display
    defsig_rtred_inner.o(.text) refers to defsig_general.o(.text) for __default_signal_display
    defsig_stak_inner.o(.text) refers to defsig_general.o(.text) for __default_signal_display
    defsig_pvfn_inner.o(.text) refers to defsig_general.o(.text) for __default_signal_display
    defsig_cppl_inner.o(.text) refers to defsig_general.o(.text) for __default_signal_display
    defsig_segv_inner.o(.text) refers to defsig_general.o(.text) for __default_signal_display
    defsig_other.o(.text) refers to defsig_general.o(.text) for __default_signal_display


==============================================================================

Removing Unused input sections from the image.

    Removing vga-min.o(.rev16_text), (4 bytes).
    Removing vga-min.o(.revsh_text), (4 bytes).
    Removing serial.o(.rev16_text), (4 bytes).
    Removing serial.o(.revsh_text), (4 bytes).
    Removing fifo.o(.rev16_text), (4 bytes).
    Removing fifo.o(.revsh_text), (4 bytes).
    Removing fifo.o(i.FIFO_WriteAvail), (22 bytes).
    Removing fifo.o(i.Getc_Timeout), (68 bytes).
    Removing ps2.o(.rev16_text), (4 bytes).
    Removing ps2.o(.revsh_text), (4 bytes).
    Removing ps2.o(i.Key_Cursor), (2 bytes).
    Removing ps2.o(i.Key_FN), (2 bytes).
    Removing ps2.o(i.Key_Other), (2 bytes).
    Removing ps2.o(i.PS2_Parity), (36 bytes).
    Removing ps2.o(i.PS2_Update_LED), (40 bytes).
    Removing rcc.o(.rev16_text), (4 bytes).
    Removing rcc.o(.revsh_text), (4 bytes).
    Removing term.o(.rev16_text), (4 bytes).
    Removing term.o(.revsh_text), (4 bytes).
    Removing ps2 table.o(.rev16_text), (4 bytes).
    Removing ps2 table.o(.revsh_text), (4 bytes).
    Removing ps2 table.o(.constdata), (48 bytes).
    Removing ansi.o(.rev16_text), (4 bytes).
    Removing ansi.o(.revsh_text), (4 bytes).
    Removing ansi.o(i.Clear_CSI), (32 bytes).
    Removing ansi.o(i.ESC_Sequence), (2 bytes).
    Removing ansi.o(i.PutStr), (26 bytes).
    Removing ansi.o(i.Putint), (44 bytes).
    Removing ansi.o(i.ScrollDown), (32 bytes).
    Removing ansi.o(i.ScrollUp), (36 bytes).
    Removing ansi.o(i.VGA_Cls), (20 bytes).
    Removing ansi.o(i.VGA_Putch), (36 bytes).

32 unused section(s) (total 512 bytes) removed from the image.

==============================================================================

Image Symbol Table

    Local Symbols

    Symbol Name                              Value     Ov Type        Size  Object(Section)

    ../clib/angel/boardlib.s                 0x00000000   Number         0  boardinit3.o ABSOLUTE
    ../clib/angel/boardlib.s                 0x00000000   Number         0  boardshut.o ABSOLUTE
    ../clib/angel/boardlib.s                 0x00000000   Number         0  boardinit1.o ABSOLUTE
    ../clib/angel/boardlib.s                 0x00000000   Number         0  boardinit2.o ABSOLUTE
    ../clib/angel/handlers.s                 0x00000000   Number         0  __scatter_zi.o ABSOLUTE
    ../clib/angel/handlers.s                 0x00000000   Number         0  __scatter_copy.o ABSOLUTE
    ../clib/angel/kernel.s                   0x00000000   Number         0  __rtentry.o ABSOLUTE
    ../clib/angel/kernel.s                   0x00000000   Number         0  __rtentry4.o ABSOLUTE
    ../clib/angel/kernel.s                   0x00000000   Number         0  __rtentry2.o ABSOLUTE
    ../clib/angel/kernel.s                   0x00000000   Number         0  rtexit.o ABSOLUTE
    ../clib/angel/kernel.s                   0x00000000   Number         0  rtexit2.o ABSOLUTE
    ../clib/angel/rt.s                       0x00000000   Number         0  aeabi_idiv0_sigfpe.o ABSOLUTE
    ../clib/angel/rt.s                       0x00000000   Number         0  rt_locale.o ABSOLUTE
    ../clib/angel/rt.s                       0x00000000   Number         0  rt_locale_intlibspace.o ABSOLUTE
    ../clib/angel/rt.s                       0x00000000   Number         0  rt_ctype_table.o ABSOLUTE
    ../clib/angel/rt.s                       0x00000000   Number         0  aeabi_idiv0.o ABSOLUTE
    ../clib/angel/rt.s                       0x00000000   Number         0  rt_div0.o ABSOLUTE
    ../clib/angel/rt.s                       0x00000000   Number         0  rt_raise.o ABSOLUTE
    ../clib/angel/scatterp.s                 0x00000000   Number         0  __scatter.o ABSOLUTE
    ../clib/angel/startup.s                  0x00000000   Number         0  __main.o ABSOLUTE
    ../clib/angel/sys.s                      0x00000000   Number         0  sys_stackheap_outer.o ABSOLUTE
    ../clib/angel/sys.s                      0x00000000   Number         0  use_no_semi.o ABSOLUTE
    ../clib/angel/sys.s                      0x00000000   Number         0  indicate_semi.o ABSOLUTE
    ../clib/angel/sys.s                      0x00000000   Number         0  libspace.o ABSOLUTE
    ../clib/angel/sys.s                      0x00000000   Number         0  tempstk.o ABSOLUTE
    ../clib/angel/sysapp.c                   0x00000000   Number         0  sys_command.o ABSOLUTE
    ../clib/angel/sysapp.c                   0x00000000   Number         0  sys_wrch.o ABSOLUTE
    ../clib/angel/sysapp.c                   0x00000000   Number         0  sys_exit.o ABSOLUTE
    ../clib/armsys.c                         0x00000000   Number         0  no_argv.o ABSOLUTE
    ../clib/armsys.c                         0x00000000   Number         0  argv_veneer.o ABSOLUTE
    ../clib/armsys.c                         0x00000000   Number         0  _get_argv_nomalloc.o ABSOLUTE
    ../clib/division.s                       0x00000000   Number         0  aeabi_sdivfast.o ABSOLUTE
    ../clib/division.s                       0x00000000   Number         0  aeabi_sdivfast_div0.o ABSOLUTE
    ../clib/heapalloc.c                      0x00000000   Number         0  hrguard.o ABSOLUTE
    ../clib/heapaux.c                        0x00000000   Number         0  heapauxi.o ABSOLUTE
    ../clib/libinit.s                        0x00000000   Number         0  libinit2.o ABSOLUTE
    ../clib/libinit.s                        0x00000000   Number         0  libinit.o ABSOLUTE
    ../clib/libinit.s                        0x00000000   Number         0  libshutdown2.o ABSOLUTE
    ../clib/libinit.s                        0x00000000   Number         0  libshutdown.o ABSOLUTE
    ../clib/locale.s                         0x00000000   Number         0  lc_ctype_c.o ABSOLUTE
    ../clib/memcpset.c                       0x00000000   Number         0  rt_memcpy.o ABSOLUTE
    ../clib/memcpset.c                       0x00000000   Number         0  rt_memcpy.o ABSOLUTE
    ../clib/memcpset.c                       0x00000000   Number         0  rt_memmove.o ABSOLUTE
    ../clib/memcpset.c                       0x00000000   Number         0  rt_memclr.o ABSOLUTE
    ../clib/memcpset.s                       0x00000000   Number         0  strcmpv6m.o ABSOLUTE
    ../clib/signal.c                         0x00000000   Number         0  __raise.o ABSOLUTE
    ../clib/signal.c                         0x00000000   Number         0  defsig_fpe_inner.o ABSOLUTE
    ../clib/signal.c                         0x00000000   Number         0  defsig_exit.o ABSOLUTE
    ../clib/signal.c                         0x00000000   Number         0  defsig_pvfn_inner.o ABSOLUTE
    ../clib/signal.c                         0x00000000   Number         0  defsig_stak_inner.o ABSOLUTE
    ../clib/signal.c                         0x00000000   Number         0  defsig_rtred_inner.o ABSOLUTE
    ../clib/signal.c                         0x00000000   Number         0  defsig_abrt_inner.o ABSOLUTE
    ../clib/signal.c                         0x00000000   Number         0  defsig_rtmem_formal.o ABSOLUTE
    ../clib/signal.c                         0x00000000   Number         0  defsig_rtmem_outer.o ABSOLUTE
    ../clib/signal.c                         0x00000000   Number         0  defsig_cppl_inner.o ABSOLUTE
    ../clib/signal.c                         0x00000000   Number         0  defsig_fpe_formal.o ABSOLUTE
    ../clib/signal.c                         0x00000000   Number         0  defsig_rtmem_inner.o ABSOLUTE
    ../clib/signal.c                         0x00000000   Number         0  defsig_fpe_outer.o ABSOLUTE
    ../clib/signal.c                         0x00000000   Number         0  defsig_segv_inner.o ABSOLUTE
    ../clib/signal.c                         0x00000000   Number         0  defsig_other.o ABSOLUTE
    ../clib/signal.c                         0x00000000   Number         0  defsig_general.o ABSOLUTE
    ../clib/signal.s                         0x00000000   Number         0  defsig.o ABSOLUTE
    ../clib/stdlib.c                         0x00000000   Number         0  exit.o ABSOLUTE
    ../clib/string.c                         0x00000000   Number         0  strchr.o ABSOLUTE
    ../fplib/cfplib/fpinit.c                 0x00000000   Number         0  fpinit.o ABSOLUTE
    ansi.c                                   0x00000000   Number         0  ansi.o ABSOLUTE
    ansi.c                                   0x00000000   Number         0  ansi.o ABSOLUTE
    dc.s                                     0x00000000   Number         0  dc.o ABSOLUTE
    fifo.c                                   0x00000000   Number         0  fifo.o ABSOLUTE
    fifo.c                                   0x00000000   Number         0  fifo.o ABSOLUTE
    ps2 table.c                              0x00000000   Number         0  ps2 table.o ABSOLUTE
    ps2 table.c                              0x00000000   Number         0  ps2 table.o ABSOLUTE
    ps2.c                                    0x00000000   Number         0  ps2.o ABSOLUTE
    ps2.c                                    0x00000000   Number         0  ps2.o ABSOLUTE
    rcc.c                                    0x00000000   Number         0  rcc.o ABSOLUTE
    rcc.c                                    0x00000000   Number         0  rcc.o ABSOLUTE
    serial.c                                 0x00000000   Number         0  serial.o ABSOLUTE
    serial.c                                 0x00000000   Number         0  serial.o ABSOLUTE
    startup_stm32f030.s                      0x00000000   Number         0  startup_stm32f030.o ABSOLUTE
    term.c                                   0x00000000   Number         0  term.o ABSOLUTE
    term.c                                   0x00000000   Number         0  term.o ABSOLUTE
    vga font12.c                             0x00000000   Number         0  vga font12.o ABSOLUTE
    vga-min.c                                0x00000000   Number         0  vga-min.o ABSOLUTE
    vga-min.c                                0x00000000   Number         0  vga-min.o ABSOLUTE
    RESET                                    0x08000000   Section      180  startup_stm32f030.o(RESET)
    !!!main                                  0x080000b4   Section        8  __main.o(!!!main)
    !!!scatter                               0x080000bc   Section       60  __scatter.o(!!!scatter)
    !!handler_copy                           0x080000f8   Section       26  __scatter_copy.o(!!handler_copy)
    !!handler_zi                             0x08000114   Section       28  __scatter_zi.o(!!handler_zi)
    .ARM.Collect$$libinit$$00000000          0x08000130   Section        2  libinit.o(.ARM.Collect$$libinit$$00000000)
    .ARM.Collect$$libinit$$00000002          0x08000132   Section        0  libinit2.o(.ARM.Collect$$libinit$$00000002)
    .ARM.Collect$$libinit$$00000004          0x08000132   Section        0  libinit2.o(.ARM.Collect$$libinit$$00000004)
    .ARM.Collect$$libinit$$0000000A          0x08000132   Section        0  libinit2.o(.ARM.Collect$$libinit$$0000000A)
    .ARM.Collect$$libinit$$0000000C          0x08000132   Section        0  libinit2.o(.ARM.Collect$$libinit$$0000000C)
    .ARM.Collect$$libinit$$0000000E          0x08000132   Section        0  libinit2.o(.ARM.Collect$$libinit$$0000000E)
    .ARM.Collect$$libinit$$0000000F          0x08000132   Section        6  libinit2.o(.ARM.Collect$$libinit$$0000000F)
    .ARM.Collect$$libinit$$00000011          0x08000138   Section        0  libinit2.o(.ARM.Collect$$libinit$$00000011)
    .ARM.Collect$$libinit$$00000012          0x08000138   Section       12  libinit2.o(.ARM.Collect$$libinit$$00000012)
    .ARM.Collect$$libinit$$00000013          0x08000144   Section        0  libinit2.o(.ARM.Collect$$libinit$$00000013)
    .ARM.Collect$$libinit$$00000015          0x08000144   Section        0  libinit2.o(.ARM.Collect$$libinit$$00000015)
    .ARM.Collect$$libinit$$00000017          0x08000144   Section        0  libinit2.o(.ARM.Collect$$libinit$$00000017)
    .ARM.Collect$$libinit$$00000019          0x08000144   Section        0  libinit2.o(.ARM.Collect$$libinit$$00000019)
    .ARM.Collect$$libinit$$0000001B          0x08000144   Section        0  libinit2.o(.ARM.Collect$$libinit$$0000001B)
    .ARM.Collect$$libinit$$0000001D          0x08000144   Section        0  libinit2.o(.ARM.Collect$$libinit$$0000001D)
    .ARM.Collect$$libinit$$0000001F          0x08000144   Section        0  libinit2.o(.ARM.Collect$$libinit$$0000001F)
    .ARM.Collect$$libinit$$00000021          0x08000144   Section        0  libinit2.o(.ARM.Collect$$libinit$$00000021)
    .ARM.Collect$$libinit$$00000023          0x08000144   Section        0  libinit2.o(.ARM.Collect$$libinit$$00000023)
    .ARM.Collect$$libinit$$00000025          0x08000144   Section        0  libinit2.o(.ARM.Collect$$libinit$$00000025)
    .ARM.Collect$$libinit$$0000002C          0x08000144   Section        0  libinit2.o(.ARM.Collect$$libinit$$0000002C)
    .ARM.Collect$$libinit$$0000002E          0x08000144   Section        0  libinit2.o(.ARM.Collect$$libinit$$0000002E)
    .ARM.Collect$$libinit$$00000030          0x08000144   Section        0  libinit2.o(.ARM.Collect$$libinit$$00000030)
    .ARM.Collect$$libinit$$00000032          0x08000144   Section        0  libinit2.o(.ARM.Collect$$libinit$$00000032)
    .ARM.Collect$$libinit$$00000033          0x08000144   Section        2  libinit2.o(.ARM.Collect$$libinit$$00000033)
    .ARM.Collect$$libshutdown$$00000000      0x08000146   Section        2  libshutdown.o(.ARM.Collect$$libshutdown$$00000000)
    .ARM.Collect$$libshutdown$$00000003      0x08000148   Section        0  libshutdown2.o(.ARM.Collect$$libshutdown$$00000003)
    .ARM.Collect$$libshutdown$$00000006      0x08000148   Section        0  libshutdown2.o(.ARM.Collect$$libshutdown$$00000006)
    .ARM.Collect$$libshutdown$$00000009      0x08000148   Section        0  libshutdown2.o(.ARM.Collect$$libshutdown$$00000009)
    .ARM.Collect$$libshutdown$$0000000B      0x08000148   Section        0  libshutdown2.o(.ARM.Collect$$libshutdown$$0000000B)
    .ARM.Collect$$libshutdown$$0000000E      0x08000148   Section        0  libshutdown2.o(.ARM.Collect$$libshutdown$$0000000E)
    .ARM.Collect$$libshutdown$$0000000F      0x08000148   Section        2  libshutdown2.o(.ARM.Collect$$libshutdown$$0000000F)
    .ARM.Collect$$rtentry$$00000000          0x0800014a   Section        0  __rtentry.o(.ARM.Collect$$rtentry$$00000000)
    .ARM.Collect$$rtentry$$00000002          0x0800014a   Section        0  __rtentry2.o(.ARM.Collect$$rtentry$$00000002)
    .ARM.Collect$$rtentry$$00000004          0x0800014a   Section        6  __rtentry4.o(.ARM.Collect$$rtentry$$00000004)
    .ARM.Collect$$rtentry$$00000009          0x08000150   Section        0  __rtentry2.o(.ARM.Collect$$rtentry$$00000009)
    .ARM.Collect$$rtentry$$0000000A          0x08000150   Section        4  __rtentry2.o(.ARM.Collect$$rtentry$$0000000A)
    .ARM.Collect$$rtentry$$0000000C          0x08000154   Section        0  __rtentry2.o(.ARM.Collect$$rtentry$$0000000C)
    .ARM.Collect$$rtentry$$0000000D          0x08000154   Section        8  __rtentry2.o(.ARM.Collect$$rtentry$$0000000D)
    .ARM.Collect$$rtexit$$00000000           0x0800015c   Section        2  rtexit.o(.ARM.Collect$$rtexit$$00000000)
    .ARM.Collect$$rtexit$$00000002           0x0800015e   Section        0  rtexit2.o(.ARM.Collect$$rtexit$$00000002)
    .ARM.Collect$$rtexit$$00000003           0x0800015e   Section        4  rtexit2.o(.ARM.Collect$$rtexit$$00000003)
    .ARM.Collect$$rtexit$$00000004           0x08000162   Section        6  rtexit2.o(.ARM.Collect$$rtexit$$00000004)
    .emb_text                                0x08000168   Section       56  rt_memcpy.o(.emb_text)
    .text                                    0x080001a0   Section       52  startup_stm32f030.o(.text)
    .text                                    0x080001d4   Section       16  rt_ctype_table.o(.text)
    .text                                    0x080001e4   Section        0  strchr.o(.text)
    .text                                    0x080001f8   Section        0  rt_memmove.o(.text)
    .text                                    0x0800028e   Section        0  rt_memclr.o(.text)
    .text                                    0x080002ce   Section      488  aeabi_sdivfast.o(.text)
    .text                                    0x080004b6   Section        0  heapauxi.o(.text)
    .text                                    0x080004bc   Section        8  rt_locale_intlibspace.o(.text)
    .text                                    0x080004c4   Section        0  rt_memcpy.o(.text)
    .text                                    0x08000548   Section        8  libspace.o(.text)
    .text                                    0x08000550   Section      160  strcmpv6m.o(.text)
    .text                                    0x080005f0   Section       62  sys_stackheap_outer.o(.text)
    .text                                    0x0800062e   Section        0  exit.o(.text)
    .text                                    0x0800063c   Section        0  sys_exit.o(.text)
    .text                                    0x08000648   Section        2  use_no_semi.o(.text)
    .text                                    0x0800064a   Section        0  indicate_semi.o(.text)
    i.ANSI_FSM                               0x0800064c   Section        0  ansi.o(i.ANSI_FSM)
    i.ANSI_Init                              0x08000700   Section        0  ansi.o(i.ANSI_Init)
    i.CSI_Sequence                           0x08000760   Section        0  ansi.o(i.CSI_Sequence)
    i.ControlCode                            0x080007d4   Section        0  ansi.o(i.ControlCode)
    i.Cursor_MoveTo                          0x08000870   Section        0  ansi.o(i.Cursor_MoveTo)
    i.Cursor_Task                            0x080008f0   Section        0  ansi.o(i.Cursor_Task)
    i.Delay                                  0x08000934   Section        0  vga-min.o(i.Delay)
    i.EXTI0_1_IRQHandler                     0x08000944   Section        0  ps2.o(i.EXTI0_1_IRQHandler)
    i.FIFO_Clear                             0x08000a58   Section        0  fifo.o(i.FIFO_Clear)
    i.FIFO_Read                              0x08000a60   Section        0  fifo.o(i.FIFO_Read)
    i.FIFO_ReadAvail                         0x08000a82   Section        0  fifo.o(i.FIFO_ReadAvail)
    i.FIFO_Write                             0x08000a92   Section        0  fifo.o(i.FIFO_Write)
    i.Getc                                   0x08000abc   Section        0  fifo.o(i.Getc)
    i.Key_Modifers                           0x08000ad8   Section        0  ps2.o(i.Key_Modifers)
    i.PS2_Decode                             0x08000b78   Section        0  ps2.o(i.PS2_Decode)
    i.PS2_Init                               0x08000c4c   Section        0  ps2.o(i.PS2_Init)
    i.PS2_Send                               0x08000cb4   Section        0  ps2.o(i.PS2_Send)
    i.PS2_Task                               0x08000d50   Section        0  ps2.o(i.PS2_Task)
    i.PendSV_Handler                         0x08000e0c   Section        0  vga-min.o(i.PendSV_Handler)
    i.PutCSI                                 0x08000e38   Section        0  ansi.o(i.PutCSI)
    i.Putchar                                0x08000eac   Section        0  serial.o(i.Putchar)
    i.SystemInit                             0x08000ed0   Section        0  rcc.o(i.SystemInit)
    i.TIM3_IRQHandler                        0x08000f20   Section        0  vga-min.o(i.TIM3_IRQHandler)
    i.USART1_IRQHandler                      0x08001158   Section        0  serial.o(i.USART1_IRQHandler)
    i.USART_Init                             0x080011a4   Section        0  serial.o(i.USART_Init)
    i.VGA_Init                               0x080011fc   Section        0  vga-min.o(i.VGA_Init)
    i.VerticalBlank_CB                       0x08001330   Section        0  ansi.o(i.VerticalBlank_CB)
    i.main                                   0x08001358   Section        0  term.o(i.main)
    locale$$code                             0x080013a4   Section       44  lc_ctype_c.o(locale$$code)
    .constdata                               0x080013d0   Section     1536  vga font12.o(.constdata)
    .constdata                               0x080019d0   Section      263  ps2 table.o(.constdata)
    locale$$data                             0x08001af8   Section      272  lc_ctype_c.o(locale$$data)
    __lcctype_c_name                         0x08001afc   Data           2  lc_ctype_c.o(locale$$data)
    __lcctype_c_start                        0x08001b04   Data           0  lc_ctype_c.o(locale$$data)
    __lcctype_c_end                          0x08001c08   Data           0  lc_ctype_c.o(locale$$data)
    .data                                    0x20000000   Section        2  vga-min.o(.data)
    .data                                    0x20000002   Section       26  serial.o(.data)
    .data                                    0x2000001c   Section       13  ps2.o(.data)
    PS2_Modifier                             0x2000001c   Data           1  ps2.o(.data)
    PS2_Fsm                                  0x2000001d   Data           1  ps2.o(.data)
    PS2_Cmd                                  0x2000001e   Data           1  ps2.o(.data)
    PS2_Cmd_Arg                              0x2000001f   Data           1  ps2.o(.data)
    PS2_IF                                   0x20000020   Data           2  ps2.o(.data)
    .data                                    0x20000029   Section        5  ansi.o(.data)
    ANSI_Prefs                               0x20000029   Data           1  ansi.o(.data)
    .bss                                     0x20000030   Section     3294  vga-min.o(.bss)
    ScanLineBuf                              0x20000cbc   Data          82  vga-min.o(.bss)
    .bss                                     0x20000d0e   Section       18  ansi.o(.bss)
    CSI                                      0x20000d0e   Data          18  ansi.o(.bss)
    .bss                                     0x20000d20   Section       96  libspace.o(.bss)
    HEAP                                     0x20000d80   Section        0  startup_stm32f030.o(HEAP)
    STACK                                    0x20000d80   Section      512  startup_stm32f030.o(STACK)
    Heap_Mem                                 0x20000d80   Data           0  startup_stm32f030.o(HEAP)
    Stack_Mem                                0x20000d80   Data         512  startup_stm32f030.o(STACK)
    __initial_sp                             0x20000f80   Data           0  startup_stm32f030.o(STACK)

    Global Symbols

    Symbol Name                              Value     Ov Type        Size  Object(Section)

    BuildAttributes$$THM_ISAv3M$S$PE$A:L22$X:L11$S22$IEEE1$IW$USESV6$~STKCKD$USESV7$~SHL$OTIME$ROPI$EBA8$UX$STANDARDLIB$REQ8$PRES8$EABIv2 0x00000000   Number         0  anon$$obj.o ABSOLUTE
    __ARM_use_no_argv                        0x00000000   Number         0  term.o ABSOLUTE
    __ARM_exceptions_init                     - Undefined Weak Reference
    __alloca_initialize                       - Undefined Weak Reference
    __arm_preinit_                            - Undefined Weak Reference
    __cpp_initialize__aeabi_                  - Undefined Weak Reference
    __cxa_finalize                            - Undefined Weak Reference
    __sigvec_lookup                           - Undefined Weak Reference
    _atexit_init                              - Undefined Weak Reference
    _call_atexit_fns                          - Undefined Weak Reference
    _clock_init                               - Undefined Weak Reference
    _fp_trap_init                             - Undefined Weak Reference
    _fp_trap_shutdown                         - Undefined Weak Reference
    _get_lc_collate                           - Undefined Weak Reference
    _get_lc_monetary                          - Undefined Weak Reference
    _get_lc_numeric                           - Undefined Weak Reference
    _get_lc_time                              - Undefined Weak Reference
    _getenv_init                              - Undefined Weak Reference
    _handle_redirection                       - Undefined Weak Reference
    _init_alloc                               - Undefined Weak Reference
    _init_user_alloc                          - Undefined Weak Reference
    _initio                                   - Undefined Weak Reference
    _rand_init                                - Undefined Weak Reference
    _signal_finish                            - Undefined Weak Reference
    _signal_init                              - Undefined Weak Reference
    _terminate_alloc                          - Undefined Weak Reference
    _terminate_user_alloc                     - Undefined Weak Reference
    _terminateio                              - Undefined Weak Reference
    __Vectors_Size                           0x000000b4   Number         0  startup_stm32f030.o ABSOLUTE
    __Vectors                                0x08000000   Data           4  startup_stm32f030.o(RESET)
    __Vectors_End                            0x080000b4   Data           0  startup_stm32f030.o(RESET)
    __main                                   0x080000b5   Thumb Code     8  __main.o(!!!main)
    __scatterload                            0x080000bd   Thumb Code     0  __scatter.o(!!!scatter)
    __scatterload_rt2                        0x080000bd   Thumb Code    52  __scatter.o(!!!scatter)
    __scatterload_rt2_thumb_only             0x080000bd   Thumb Code     0  __scatter.o(!!!scatter)
    __scatterload_null                       0x080000cd   Thumb Code     0  __scatter.o(!!!scatter)
    __scatterload_copy                       0x080000f9   Thumb Code    26  __scatter_copy.o(!!handler_copy)
    __scatterload_zeroinit                   0x08000115   Thumb Code    28  __scatter_zi.o(!!handler_zi)
    __rt_lib_init                            0x08000131   Thumb Code     0  libinit.o(.ARM.Collect$$libinit$$00000000)
    __rt_lib_init_fp_1                       0x08000133   Thumb Code     0  libinit2.o(.ARM.Collect$$libinit$$00000002)
    __rt_lib_init_heap_1                     0x08000133   Thumb Code     0  libinit2.o(.ARM.Collect$$libinit$$0000000A)
    __rt_lib_init_lc_common                  0x08000133   Thumb Code     0  libinit2.o(.ARM.Collect$$libinit$$0000000F)
    __rt_lib_init_preinit_1                  0x08000133   Thumb Code     0  libinit2.o(.ARM.Collect$$libinit$$00000004)
    __rt_lib_init_rand_1                     0x08000133   Thumb Code     0  libinit2.o(.ARM.Collect$$libinit$$0000000E)
    __rt_lib_init_user_alloc_1               0x08000133   Thumb Code     0  libinit2.o(.ARM.Collect$$libinit$$0000000C)
    __rt_lib_init_lc_collate_1               0x08000139   Thumb Code     0  libinit2.o(.ARM.Collect$$libinit$$00000011)
    __rt_lib_init_lc_ctype_2                 0x08000139   Thumb Code     0  libinit2.o(.ARM.Collect$$libinit$$00000012)
    __rt_lib_init_alloca_1                   0x08000145   Thumb Code     0  libinit2.o(.ARM.Collect$$libinit$$0000002E)
    __rt_lib_init_argv_1                     0x08000145   Thumb Code     0  libinit2.o(.ARM.Collect$$libinit$$0000002C)
    __rt_lib_init_atexit_1                   0x08000145   Thumb Code     0  libinit2.o(.ARM.Collect$$libinit$$0000001B)
    __rt_lib_init_clock_1                    0x08000145   Thumb Code     0  libinit2.o(.ARM.Collect$$libinit$$00000021)
    __rt_lib_init_cpp_1                      0x08000145   Thumb Code     0  libinit2.o(.ARM.Collect$$libinit$$00000032)
    __rt_lib_init_exceptions_1               0x08000145   Thumb Code     0  libinit2.o(.ARM.Collect$$libinit$$00000030)
    __rt_lib_init_fp_trap_1                  0x08000145   Thumb Code     0  libinit2.o(.ARM.Collect$$libinit$$0000001F)
    __rt_lib_init_getenv_1                   0x08000145   Thumb Code     0  libinit2.o(.ARM.Collect$$libinit$$00000023)
    __rt_lib_init_lc_ctype_1                 0x08000145   Thumb Code     0  libinit2.o(.ARM.Collect$$libinit$$00000013)
    __rt_lib_init_lc_monetary_1              0x08000145   Thumb Code     0  libinit2.o(.ARM.Collect$$libinit$$00000015)
    __rt_lib_init_lc_numeric_1               0x08000145   Thumb Code     0  libinit2.o(.ARM.Collect$$libinit$$00000017)
    __rt_lib_init_lc_time_1                  0x08000145   Thumb Code     0  libinit2.o(.ARM.Collect$$libinit$$00000019)
    __rt_lib_init_return                     0x08000145   Thumb Code     0  libinit2.o(.ARM.Collect$$libinit$$00000033)
    __rt_lib_init_signal_1                   0x08000145   Thumb Code     0  libinit2.o(.ARM.Collect$$libinit$$0000001D)
    __rt_lib_init_stdio_1                    0x08000145   Thumb Code     0  libinit2.o(.ARM.Collect$$libinit$$00000025)
    __rt_lib_shutdown                        0x08000147   Thumb Code     0  libshutdown.o(.ARM.Collect$$libshutdown$$00000000)
    __rt_lib_shutdown_fp_trap_1              0x08000149   Thumb Code     0  libshutdown2.o(.ARM.Collect$$libshutdown$$00000006)
    __rt_lib_shutdown_heap_1                 0x08000149   Thumb Code     0  libshutdown2.o(.ARM.Collect$$libshutdown$$0000000E)
    __rt_lib_shutdown_return                 0x08000149   Thumb Code     0  libshutdown2.o(.ARM.Collect$$libshutdown$$0000000F)
    __rt_lib_shutdown_signal_1               0x08000149   Thumb Code     0  libshutdown2.o(.ARM.Collect$$libshutdown$$00000009)
    __rt_lib_shutdown_stdio_1                0x08000149   Thumb Code     0  libshutdown2.o(.ARM.Collect$$libshutdown$$00000003)
    __rt_lib_shutdown_user_alloc_1           0x08000149   Thumb Code     0  libshutdown2.o(.ARM.Collect$$libshutdown$$0000000B)
    __rt_entry                               0x0800014b   Thumb Code     0  __rtentry.o(.ARM.Collect$$rtentry$$00000000)
    __rt_entry_presh_1                       0x0800014b   Thumb Code     0  __rtentry2.o(.ARM.Collect$$rtentry$$00000002)
    __rt_entry_sh                            0x0800014b   Thumb Code     0  __rtentry4.o(.ARM.Collect$$rtentry$$00000004)
    __rt_entry_li                            0x08000151   Thumb Code     0  __rtentry2.o(.ARM.Collect$$rtentry$$0000000A)
    __rt_entry_postsh_1                      0x08000151   Thumb Code     0  __rtentry2.o(.ARM.Collect$$rtentry$$00000009)
    __rt_entry_main                          0x08000155   Thumb Code     0  __rtentry2.o(.ARM.Collect$$rtentry$$0000000D)
    __rt_entry_postli_1                      0x08000155   Thumb Code     0  __rtentry2.o(.ARM.Collect$$rtentry$$0000000C)
    __rt_exit                                0x0800015d   Thumb Code     0  rtexit.o(.ARM.Collect$$rtexit$$00000000)
    __rt_exit_ls                             0x0800015f   Thumb Code     0  rtexit2.o(.ARM.Collect$$rtexit$$00000003)
    __rt_exit_prels_1                        0x0800015f   Thumb Code     0  rtexit2.o(.ARM.Collect$$rtexit$$00000002)
    __rt_exit_exit                           0x08000163   Thumb Code     0  rtexit2.o(.ARM.Collect$$rtexit$$00000004)
    __aeabi_memcpy4                          0x08000169   Thumb Code    56  rt_memcpy.o(.emb_text)
    __aeabi_memcpy8                          0x08000169   Thumb Code     0  rt_memcpy.o(.emb_text)
    Reset_Handler                            0x080001a1   Thumb Code     8  startup_stm32f030.o(.text)
    NMI_Handler                              0x080001a9   Thumb Code     2  startup_stm32f030.o(.text)
    HardFault_Handler                        0x080001ab   Thumb Code     2  startup_stm32f030.o(.text)
    SVC_Handler                              0x080001ad   Thumb Code     2  startup_stm32f030.o(.text)
    SysTick_Handler                          0x080001b1   Thumb Code     2  startup_stm32f030.o(.text)
    ADC1_IRQHandler                          0x080001b3   Thumb Code     0  startup_stm32f030.o(.text)
    DMA1_Channel1_IRQHandler                 0x080001b3   Thumb Code     0  startup_stm32f030.o(.text)
    DMA1_Channel2_3_IRQHandler               0x080001b3   Thumb Code     0  startup_stm32f030.o(.text)
    DMA1_Channel4_5_IRQHandler               0x080001b3   Thumb Code     0  startup_stm32f030.o(.text)
    EXTI2_3_IRQHandler                       0x080001b3   Thumb Code     0  startup_stm32f030.o(.text)
    EXTI4_15_IRQHandler                      0x080001b3   Thumb Code     0  startup_stm32f030.o(.text)
    FLASH_IRQHandler                         0x080001b3   Thumb Code     0  startup_stm32f030.o(.text)
    I2C1_IRQHandler                          0x080001b3   Thumb Code     0  startup_stm32f030.o(.text)
    I2C2_IRQHandler                          0x080001b3   Thumb Code     0  startup_stm32f030.o(.text)
    RCC_IRQHandler                           0x080001b3   Thumb Code     0  startup_stm32f030.o(.text)
    RTC_IRQHandler                           0x080001b3   Thumb Code     0  startup_stm32f030.o(.text)
    SPI1_IRQHandler                          0x080001b3   Thumb Code     0  startup_stm32f030.o(.text)
    SPI2_IRQHandler                          0x080001b3   Thumb Code     0  startup_stm32f030.o(.text)
    TIM14_IRQHandler                         0x080001b3   Thumb Code     0  startup_stm32f030.o(.text)
    TIM15_IRQHandler                         0x080001b3   Thumb Code     0  startup_stm32f030.o(.text)
    TIM16_IRQHandler                         0x080001b3   Thumb Code     0  startup_stm32f030.o(.text)
    TIM17_IRQHandler                         0x080001b3   Thumb Code     0  startup_stm32f030.o(.text)
    TIM1_BRK_UP_TRG_COM_IRQHandler           0x080001b3   Thumb Code     0  startup_stm32f030.o(.text)
    TIM1_CC_IRQHandler                       0x080001b3   Thumb Code     0  startup_stm32f030.o(.text)
    USART2_IRQHandler                        0x080001b3   Thumb Code     0  startup_stm32f030.o(.text)
    WWDG_IRQHandler                          0x080001b3   Thumb Code     0  startup_stm32f030.o(.text)
    __user_initial_stackheap                 0x080001b5   Thumb Code     0  startup_stm32f030.o(.text)
    __rt_ctype_table                         0x080001d5   Thumb Code    16  rt_ctype_table.o(.text)
    strchr                                   0x080001e5   Thumb Code    20  strchr.o(.text)
    __aeabi_memmove4                         0x080001f9   Thumb Code    70  rt_memmove.o(.text)
    __aeabi_memmove8                         0x080001f9   Thumb Code     0  rt_memmove.o(.text)
    __aeabi_memmove                          0x0800023f   Thumb Code    80  rt_memmove.o(.text)
    __rt_memmove                             0x0800023f   Thumb Code     0  rt_memmove.o(.text)
    _memset_w                                0x0800028f   Thumb Code    26  rt_memclr.o(.text)
    _memset                                  0x080002a9   Thumb Code    30  rt_memclr.o(.text)
    __aeabi_memclr                           0x080002c7   Thumb Code     4  rt_memclr.o(.text)
    __rt_memclr                              0x080002c7   Thumb Code     0  rt_memclr.o(.text)
    __aeabi_memclr4                          0x080002cb   Thumb Code     0  rt_memclr.o(.text)
    __aeabi_memclr8                          0x080002cb   Thumb Code     0  rt_memclr.o(.text)
    __rt_memclr_w                            0x080002cb   Thumb Code     4  rt_memclr.o(.text)
    __aeabi_uidiv                            0x080002cf   Thumb Code     0  aeabi_sdivfast.o(.text)
    __aeabi_uidivmod                         0x080002cf   Thumb Code    28  aeabi_sdivfast.o(.text)
    __aeabi_idiv                             0x080002eb   Thumb Code     0  aeabi_sdivfast.o(.text)
    __aeabi_idivmod                          0x080002eb   Thumb Code   460  aeabi_sdivfast.o(.text)
    __use_two_region_memory                  0x080004b7   Thumb Code     2  heapauxi.o(.text)
    __rt_heap_escrow$2region                 0x080004b9   Thumb Code     2  heapauxi.o(.text)
    __rt_heap_expand$2region                 0x080004bb   Thumb Code     2  heapauxi.o(.text)
    __rt_locale                              0x080004bd   Thumb Code     8  rt_locale_intlibspace.o(.text)
    __aeabi_memcpy                           0x080004c5   Thumb Code   130  rt_memcpy.o(.text)
    __rt_memcpy                              0x080004c5   Thumb Code     0  rt_memcpy.o(.text)
    __user_libspace                          0x08000549   Thumb Code     8  libspace.o(.text)
    __user_perproc_libspace                  0x08000549   Thumb Code     0  libspace.o(.text)
    __user_perthread_libspace                0x08000549   Thumb Code     0  libspace.o(.text)
    strcmp                                   0x08000551   Thumb Code   160  strcmpv6m.o(.text)
    __user_setup_stackheap                   0x080005f1   Thumb Code    62  sys_stackheap_outer.o(.text)
    exit                                     0x0800062f   Thumb Code    12  exit.o(.text)
    _sys_exit                                0x0800063d   Thumb Code     8  sys_exit.o(.text)
    __I$use$semihosting                      0x08000649   Thumb Code     0  use_no_semi.o(.text)
    __use_no_semihosting_swi                 0x08000649   Thumb Code     2  use_no_semi.o(.text)
    __semihosting_library_function           0x0800064b   Thumb Code     0  indicate_semi.o(.text)
    ANSI_FSM                                 0x0800064d   Thumb Code   172  ansi.o(i.ANSI_FSM)
    ANSI_Init                                0x08000701   Thumb Code    74  ansi.o(i.ANSI_Init)
    CSI_Sequence                             0x08000761   Thumb Code   106  ansi.o(i.CSI_Sequence)
    ControlCode                              0x080007d5   Thumb Code   140  ansi.o(i.ControlCode)
    Cursor_MoveTo                            0x08000871   Thumb Code   108  ansi.o(i.Cursor_MoveTo)
    Cursor_Task                              0x080008f1   Thumb Code    60  ansi.o(i.Cursor_Task)
    Delay                                    0x08000935   Thumb Code    12  vga-min.o(i.Delay)
    EXTI0_1_IRQHandler                       0x08000945   Thumb Code   260  ps2.o(i.EXTI0_1_IRQHandler)
    FIFO_Clear                               0x08000a59   Thumb Code     8  fifo.o(i.FIFO_Clear)
    FIFO_Read                                0x08000a61   Thumb Code    34  fifo.o(i.FIFO_Read)
    FIFO_ReadAvail                           0x08000a83   Thumb Code    16  fifo.o(i.FIFO_ReadAvail)
    FIFO_Write                               0x08000a93   Thumb Code    42  fifo.o(i.FIFO_Write)
    Getc                                     0x08000abd   Thumb Code    26  fifo.o(i.Getc)
    Key_Modifers                             0x08000ad9   Thumb Code   152  ps2.o(i.Key_Modifers)
    PS2_Decode                               0x08000b79   Thumb Code   194  ps2.o(i.PS2_Decode)
    PS2_Init                                 0x08000c4d   Thumb Code    70  ps2.o(i.PS2_Init)
    PS2_Send                                 0x08000cb5   Thumb Code   144  ps2.o(i.PS2_Send)
    PS2_Task                                 0x08000d51   Thumb Code   176  ps2.o(i.PS2_Task)
    PendSV_Handler                           0x08000e0d   Thumb Code    30  vga-min.o(i.PendSV_Handler)
    PutCSI                                   0x08000e39   Thumb Code   106  ansi.o(i.PutCSI)
    Putchar                                  0x08000ead   Thumb Code    28  serial.o(i.Putchar)
    SystemInit                               0x08000ed1   Thumb Code    70  rcc.o(i.SystemInit)
    TIM3_IRQHandler                          0x08000f21   Thumb Code   522  vga-min.o(i.TIM3_IRQHandler)
    USART1_IRQHandler                        0x08001159   Thumb Code    58  serial.o(i.USART1_IRQHandler)
    USART_Init                               0x080011a5   Thumb Code    62  serial.o(i.USART_Init)
    VGA_Init                                 0x080011fd   Thumb Code   236  vga-min.o(i.VGA_Init)
    VerticalBlank_CB                         0x08001331   Thumb Code    36  ansi.o(i.VerticalBlank_CB)
    main                                     0x08001359   Thumb Code    64  term.o(i.main)
    _get_lc_ctype                            0x080013a5   Thumb Code    44  lc_ctype_c.o(locale$$code)
    FONT_TABLE                               0x080013d0   Data        1536  vga font12.o(.constdata)
    Kbd_Code                                 0x080019d0   Data         263  ps2 table.o(.constdata)
    Region$$Table$$Base                      0x08001ad8   Number         0  anon$$obj.o(Region$$Table)
    Region$$Table$$Limit                     0x08001af8   Number         0  anon$$obj.o(Region$$Table)
    __ctype                                  0x08001b05   Data           0  lc_ctype_c.o(locale$$data)
    MicroTimer0                              0x20000000   Data           1  vga-min.o(.data)
    MicroTimer1                              0x20000001   Data           1  vga-min.o(.data)
    RxBuf                                    0x20000002   Data           7  serial.o(.data)
    TxBuf                                    0x20000009   Data          19  serial.o(.data)
    PS2_Buf                                  0x20000022   Data           7  ps2.o(.data)
    Cursor                                   0x2000002a   Data           4  ansi.o(.data)
    VGA                                      0x20000030   Data          12  vga-min.o(.bss)
    TextBuffer                               0x2000003c   Data        3200  vga-min.o(.bss)
    __libspace_start                         0x20000d20   Data          96  libspace.o(.bss)
    __temporary_stack_top$libspace           0x20000d80   Data           0  libspace.o(.bss)



==============================================================================

Memory Map of the image

  Image Entry point : 0x080000b5

  Load Region LR_IROM1 (Base: 0x08000000, Size: 0x00001c38, Max: 0x00004000, ABSOLUTE)

    Execution Region ER_IROM1 (Base: 0x08000000, Size: 0x00001c08, Max: 0x00004000, ABSOLUTE)

    Base Addr    Size         Type   Attr      Idx    E Section Name        Object

    0x08000000   0x000000b4   Data   RO            3    RESET               startup_stm32f030.o
    0x080000b4   0x00000008   Code   RO          500  * !!!main             c_p.l(__main.o)
    0x080000bc   0x0000003c   Code   RO          682    !!!scatter          c_p.l(__scatter.o)
    0x080000f8   0x0000001a   Code   RO          684    !!handler_copy      c_p.l(__scatter_copy.o)
    0x08000112   0x00000002   PAD
    0x08000114   0x0000001c   Code   RO          686    !!handler_zi        c_p.l(__scatter_zi.o)
    0x08000130   0x00000002   Code   RO          602    .ARM.Collect$$libinit$$00000000  c_p.l(libinit.o)
    0x08000132   0x00000000   Code   RO          542    .ARM.Collect$$libinit$$00000002  c_p.l(libinit2.o)
    0x08000132   0x00000000   Code   RO          544    .ARM.Collect$$libinit$$00000004  c_p.l(libinit2.o)
    0x08000132   0x00000000   Code   RO          547    .ARM.Collect$$libinit$$0000000A  c_p.l(libinit2.o)
    0x08000132   0x00000000   Code   RO          549    .ARM.Collect$$libinit$$0000000C  c_p.l(libinit2.o)
    0x08000132   0x00000000   Code   RO          551    .ARM.Collect$$libinit$$0000000E  c_p.l(libinit2.o)
    0x08000132   0x00000006   Code   RO          552    .ARM.Collect$$libinit$$0000000F  c_p.l(libinit2.o)
    0x08000138   0x00000000   Code   RO          554    .ARM.Collect$$libinit$$00000011  c_p.l(libinit2.o)
    0x08000138   0x0000000c   Code   RO          555    .ARM.Collect$$libinit$$00000012  c_p.l(libinit2.o)
    0x08000144   0x00000000   Code   RO          556    .ARM.Collect$$libinit$$00000013  c_p.l(libinit2.o)
    0x08000144   0x00000000   Code   RO          558    .ARM.Collect$$libinit$$00000015  c_p.l(libinit2.o)
    0x08000144   0x00000000   Code   RO          560    .ARM.Collect$$libinit$$00000017  c_p.l(libinit2.o)
    0x08000144   0x00000000   Code   RO          562    .ARM.Collect$$libinit$$00000019  c_p.l(libinit2.o)
    0x08000144   0x00000000   Code   RO          564    .ARM.Collect$$libinit$$0000001B  c_p.l(libinit2.o)
    0x08000144   0x00000000   Code   RO          566    .ARM.Collect$$libinit$$0000001D  c_p.l(libinit2.o)
    0x08000144   0x00000000   Code   RO          568    .ARM.Collect$$libinit$$0000001F  c_p.l(libinit2.o)
    0x08000144   0x00000000   Code   RO          570    .ARM.Collect$$libinit$$00000021  c_p.l(libinit2.o)
    0x08000144   0x00000000   Code   RO          572    .ARM.Collect$$libinit$$00000023  c_p.l(libinit2.o)
    0x08000144   0x00000000   Code   RO          574    .ARM.Collect$$libinit$$00000025  c_p.l(libinit2.o)
    0x08000144   0x00000000   Code   RO          578    .ARM.Collect$$libinit$$0000002C  c_p.l(libinit2.o)
    0x08000144   0x00000000   Code   RO          580    .ARM.Collect$$libinit$$0000002E  c_p.l(libinit2.o)
    0x08000144   0x00000000   Code   RO          582    .ARM.Collect$$libinit$$00000030  c_p.l(libinit2.o)
    0x08000144   0x00000000   Code   RO          584    .ARM.Collect$$libinit$$00000032  c_p.l(libinit2.o)
    0x08000144   0x00000002   Code   RO          585    .ARM.Collect$$libinit$$00000033  c_p.l(libinit2.o)
    0x08000146   0x00000002   Code   RO          650    .ARM.Collect$$libshutdown$$00000000  c_p.l(libshutdown.o)
    0x08000148   0x00000000   Code   RO          667    .ARM.Collect$$libshutdown$$00000003  c_p.l(libshutdown2.o)
    0x08000148   0x00000000   Code   RO          670    .ARM.Collect$$libshutdown$$00000006  c_p.l(libshutdown2.o)
    0x08000148   0x00000000   Code   RO          673    .ARM.Collect$$libshutdown$$00000009  c_p.l(libshutdown2.o)
    0x08000148   0x00000000   Code   RO          675    .ARM.Collect$$libshutdown$$0000000B  c_p.l(libshutdown2.o)
    0x08000148   0x00000000   Code   RO          678    .ARM.Collect$$libshutdown$$0000000E  c_p.l(libshutdown2.o)
    0x08000148   0x00000002   Code   RO          679    .ARM.Collect$$libshutdown$$0000000F  c_p.l(libshutdown2.o)
    0x0800014a   0x00000000   Code   RO          502    .ARM.Collect$$rtentry$$00000000  c_p.l(__rtentry.o)
    0x0800014a   0x00000000   Code   RO          523    .ARM.Collect$$rtentry$$00000002  c_p.l(__rtentry2.o)
    0x0800014a   0x00000006   Code   RO          535    .ARM.Collect$$rtentry$$00000004  c_p.l(__rtentry4.o)
    0x08000150   0x00000000   Code   RO          525    .ARM.Collect$$rtentry$$00000009  c_p.l(__rtentry2.o)
    0x08000150   0x00000004   Code   RO          526    .ARM.Collect$$rtentry$$0000000A  c_p.l(__rtentry2.o)
    0x08000154   0x00000000   Code   RO          528    .ARM.Collect$$rtentry$$0000000C  c_p.l(__rtentry2.o)
    0x08000154   0x00000008   Code   RO          529    .ARM.Collect$$rtentry$$0000000D  c_p.l(__rtentry2.o)
    0x0800015c   0x00000002   Code   RO          606    .ARM.Collect$$rtexit$$00000000  c_p.l(rtexit.o)
    0x0800015e   0x00000000   Code   RO          623    .ARM.Collect$$rtexit$$00000002  c_p.l(rtexit2.o)
    0x0800015e   0x00000004   Code   RO          624    .ARM.Collect$$rtexit$$00000003  c_p.l(rtexit2.o)
    0x08000162   0x00000006   Code   RO          625    .ARM.Collect$$rtexit$$00000004  c_p.l(rtexit2.o)
    0x08000168   0x00000038   Code   RO          515    .emb_text           c_p.l(rt_memcpy.o)
    0x080001a0   0x00000034   Code   RO            4    .text               startup_stm32f030.o
    0x080001d4   0x00000010   Code   RO          486    .text               c_p.l(rt_ctype_table.o)
    0x080001e4   0x00000014   Code   RO          488    .text               c_p.l(strchr.o)
    0x080001f8   0x00000096   Code   RO          490    .text               c_p.l(rt_memmove.o)
    0x0800028e   0x00000040   Code   RO          492    .text               c_p.l(rt_memclr.o)
    0x080002ce   0x000001e8   Code   RO          494    .text               c_p.l(aeabi_sdivfast.o)
    0x080004b6   0x00000006   Code   RO          498    .text               c_p.l(heapauxi.o)
    0x080004bc   0x00000008   Code   RO          510    .text               c_p.l(rt_locale_intlibspace.o)
    0x080004c4   0x00000082   Code   RO          516    .text               c_p.l(rt_memcpy.o)
    0x08000546   0x00000002   PAD
    0x08000548   0x00000008   Code   RO          519    .text               c_p.l(libspace.o)
    0x08000550   0x000000a0   Code   RO          539    .text               c_p.l(strcmpv6m.o)
    0x080005f0   0x0000003e   Code   RO          586    .text               c_p.l(sys_stackheap_outer.o)
    0x0800062e   0x0000000c   Code   RO          589    .text               c_p.l(exit.o)
    0x0800063a   0x00000002   PAD
    0x0800063c   0x0000000c   Code   RO          620    .text               c_p.l(sys_exit.o)
    0x08000648   0x00000002   Code   RO          641    .text               c_p.l(use_no_semi.o)
    0x0800064a   0x00000000   Code   RO          643    .text               c_p.l(indicate_semi.o)
    0x0800064a   0x00000002   PAD
    0x0800064c   0x000000b4   Code   RO          378    i.ANSI_FSM          ansi.o
    0x08000700   0x00000060   Code   RO          379    i.ANSI_Init         ansi.o
    0x08000760   0x00000074   Code   RO          380    i.CSI_Sequence      ansi.o
    0x080007d4   0x0000009c   Code   RO          382    i.ControlCode       ansi.o
    0x08000870   0x00000080   Code   RO          383    i.Cursor_MoveTo     ansi.o
    0x080008f0   0x00000044   Code   RO          384    i.Cursor_Task       ansi.o
    0x08000934   0x00000010   Code   RO           12    i.Delay             vga-min.o
    0x08000944   0x00000114   Code   RO          199    i.EXTI0_1_IRQHandler  ps2.o
    0x08000a58   0x00000008   Code   RO          142    i.FIFO_Clear        fifo.o
    0x08000a60   0x00000022   Code   RO          143    i.FIFO_Read         fifo.o
    0x08000a82   0x00000010   Code   RO          144    i.FIFO_ReadAvail    fifo.o
    0x08000a92   0x0000002a   Code   RO          145    i.FIFO_Write        fifo.o
    0x08000abc   0x0000001a   Code   RO          147    i.Getc              fifo.o
    0x08000ad6   0x00000002   PAD
    0x08000ad8   0x000000a0   Code   RO          202    i.Key_Modifers      ps2.o
    0x08000b78   0x000000d4   Code   RO          204    i.PS2_Decode        ps2.o
    0x08000c4c   0x00000068   Code   RO          205    i.PS2_Init          ps2.o
    0x08000cb4   0x0000009c   Code   RO          207    i.PS2_Send          ps2.o
    0x08000d50   0x000000bc   Code   RO          208    i.PS2_Task          ps2.o
    0x08000e0c   0x0000002c   Code   RO           13    i.PendSV_Handler    vga-min.o
    0x08000e38   0x00000074   Code   RO          386    i.PutCSI            ansi.o
    0x08000eac   0x00000024   Code   RO           94    i.Putchar           serial.o
    0x08000ed0   0x00000050   Code   RO          297    i.SystemInit        rcc.o
    0x08000f20   0x00000238   Code   RO           14    i.TIM3_IRQHandler   vga-min.o
    0x08001158   0x0000004c   Code   RO           95    i.USART1_IRQHandler  serial.o
    0x080011a4   0x00000058   Code   RO           96    i.USART_Init        serial.o
    0x080011fc   0x00000134   Code   RO           15    i.VGA_Init          vga-min.o
    0x08001330   0x00000028   Code   RO          393    i.VerticalBlank_CB  ansi.o
    0x08001358   0x0000004c   Code   RO          317    i.main              term.o
    0x080013a4   0x0000002c   Code   RO          513    locale$$code        c_p.l(lc_ctype_c.o)
    0x080013d0   0x00000600   Data   RO          343    .constdata          vga font12.o
    0x080019d0   0x00000107   Data   RO          357    .constdata          ps2 table.o
    0x08001ad7   0x00000001   PAD
    0x08001ad8   0x00000020   Data   RO          680    Region$$Table       anon$$obj.o
    0x08001af8   0x00000110   Data   RO          512    locale$$data        c_p.l(lc_ctype_c.o)


    Execution Region RW_IRAM1 (Base: 0x20000000, Size: 0x00000f80, Max: 0x00001000, ABSOLUTE)

    Base Addr    Size         Type   Attr      Idx    E Section Name        Object

    0x20000000   0x00000002   Data   RW           17    .data               vga-min.o
    0x20000002   0x0000001a   Data   RW           97    .data               serial.o
    0x2000001c   0x0000000d   Data   RW          210    .data               ps2.o
    0x20000029   0x00000005   Data   RW          395    .data               ansi.o
    0x2000002e   0x00000002   PAD
    0x20000030   0x00000cde   Zero   RW           16    .bss                vga-min.o
    0x20000d0e   0x00000012   Zero   RW          394    .bss                ansi.o
    0x20000d20   0x00000060   Zero   RW          520    .bss                c_p.l(libspace.o)
    0x20000d80   0x00000000   Zero   RW            2    HEAP                startup_stm32f030.o
    0x20000d80   0x00000200   Zero   RW            1    STACK               startup_stm32f030.o


==============================================================================

Image component sizes


      Code (inc. data)   RO Data    RW Data    ZI Data      Debug   Object Name

       900         98          0          5         18       6203   ansi.o
       126          0          0          0          0       2824   fifo.o
         0          0        263          0          0        540   ps2 table.o
      1096        106          0         13          0       6800   ps2.o
        80         10          0          0          0        425   rcc.o
       200         52          0         26          0       8241   serial.o
        52         22        180          0        512        636   startup_stm32f030.o
        76         12          0          0          0        451   term.o
         0          0       1536          0          0        553   vga font12.o
       936        136          0          2       3294     160019   vga-min.o

    ----------------------------------------------------------------------
      3468        436       2012         48       3824     186692   Object Totals
         0          0         32          0          0          0   (incl. Generated)
         2          0          1          2          0          0   (incl. Padding)

    ----------------------------------------------------------------------

      Code (inc. data)   RO Data    RW Data    ZI Data      Debug   Library Member Name

         8          0          0          0          0         68   __main.o
         0          0          0          0          0          0   __rtentry.o
        12          0          0          0          0          0   __rtentry2.o
         6          0          0          0          0          0   __rtentry4.o
        60          8          0          0          0          0   __scatter.o
        26          0          0          0          0          0   __scatter_copy.o
        28          0          0          0          0          0   __scatter_zi.o
       488          0          0          0          0         92   aeabi_sdivfast.o
        12          0          0          0          0         64   exit.o
         6          0          0          0          0        136   heapauxi.o
         0          0          0          0          0          0   indicate_semi.o
        44         10        272          0          0         76   lc_ctype_c.o
         2          0          0          0          0          0   libinit.o
        20          0          0          0          0          0   libinit2.o
         2          0          0          0          0          0   libshutdown.o
         2          0          0          0          0          0   libshutdown2.o
         8          4          0          0         96         68   libspace.o
        16          4          0          0          0         76   rt_ctype_table.o
         8          4          0          0          0         68   rt_locale_intlibspace.o
        64          0          0          0          0        108   rt_memclr.o
       186          0          0          0          0        144   rt_memcpy.o
       150          0          0          0          0        104   rt_memmove.o
         2          0          0          0          0          0   rtexit.o
        10          0          0          0          0          0   rtexit2.o
        20          0          0          0          0         60   strchr.o
       160          4          0          0          0         80   strcmpv6m.o
        12          4          0          0          0         60   sys_exit.o
        62          0          0          0          0         80   sys_stackheap_outer.o
         2          0          0          0          0         68   use_no_semi.o

    ----------------------------------------------------------------------
      1424         38        272          0         96       1352   Library Totals
         8          0          0          0          0          0   (incl. Padding)

    ----------------------------------------------------------------------

      Code (inc. data)   RO Data    RW Data    ZI Data      Debug   Library Name

      1416         38        272          0         96       1352   c_p.l

    ----------------------------------------------------------------------
      1424         38        272          0         96       1352   Library Totals

    ----------------------------------------------------------------------

==============================================================================


      Code (inc. data)   RO Data    RW Data    ZI Data      Debug   

      4892        474       2284         48       3920     186364   Grand Totals
      4892        474       2284         48       3920     186364   ELF Image Totals
      4892        474       2284         48          0          0   ROM Totals

==============================================================================

    Total RO  Size (Code + RO Data)                 7176 (   7.01kB)
    Total RW  Size (RW Data + ZI Data)              3968 (   3.88kB)
    Total ROM Size (Code + RO Data + RW Data)       7224 (   7.05kB)

==============================================================================

