<html>
<body>
<pre>
<h1>µVision Build Log</h1>
<h2>Tool Versions:</h2>
IDE-Version: µVision V5.14.0.0
Copyright (C) 2015 ARM Ltd and ARM Germany GmbH. All rights reserved.
License Information: User Unknown, No Available, LIC=BL2BS-LK7VT-VJY6J-U0XCR-ARN71-M3XPW
 
Tool Versions:
Toolchain:       MDK-ARM Professional  Version: 5.14.0.0
Toolchain Path:  C:\CAD\Keil_v5\ARM\ARMCC\Bin
C Compiler:      Armcc.exe V5.05 update 1 (build 106)
Assembler:       Armasm.exe V5.05 update 1 (build 106)
Linker/Locator:  ArmLink.exe V5.05 update 1 (build 106)
Library Manager: ArmAr.exe V5.05 update 1 (build 106)
Hex Converter:   FromElf.exe V5.05 update 1 (build 106)
CPU DLL:         SARMCM3.DLL V5.14.0.0
Dialog DLL:      DARMCM1.DLL V1.12.0.0
Target DLL:      Segger\JL2CM3.dll V2.99.13.0
Dialog DLL:      TARMCM1.DLL V1.9.0.0
 
<h2>Project:</h2>
D:\New Stuff\github\STM32F030F4-VGA\STM32F030F4\Firmware\ChibiTerm\STM32F030F4 VGA.uvproj
Project File Date:  04/15/2016

<h2>Output:</h2>
Build target 'VGA'
creating preprocessor file for vga-min.c...
compiling vga-min.c...
creating preprocessor file for serial.c...
creating preprocessor file for fifo.c...
creating preprocessor file for ps2.c...
creating preprocessor file for rcc.c...
creating preprocessor file for term.c...
creating preprocessor file for vga font12.c...
creating preprocessor file for ps2 table.c...
creating preprocessor file for ansi.c...
linking...
Program Size: Code=4892 RO-data=2284 RW-data=48 ZI-data=3920  
".\Objects\VGA.axf" - 0 Error(s), 0 Warning(s).
</pre>
</body>
</html>
