<!doctype html public "-//w3c//dtd html 4.0 transitional//en">
<html><head>
<title>Static Call Graph - [.\Objects\VGA.axf]</title></head>
<body><HR>
<H1>Static Call Graph for image .\Objects\VGA.axf</H1><HR>
<BR><P>#&#060CALLGRAPH&#062# ARM Linker, 5050106: Last Updated: Wed Apr 27 14:14:23 2016
<BR><P>
<H3>Maximum Stack Usage =         96 bytes + Unknown(Functions without stacksize, Cycles, Untraceable Function Pointers)</H3><H3>
Call chain for Maximum Stack Depth:</H3>
__rt_entry_main &rArr; main &rArr; ANSI_FSM &rArr; ControlCode &rArr; Cursor_MoveTo &rArr; __aeabi_memmove &rArr; __aeabi_memcpy
<P>
<H3>
Functions with no stack information
</H3><UL>
 <LI><a href="#[44]">__user_initial_stackheap</a>
</UL>
</UL>
<P>
<H3>
Mutually Recursive functions
</H3> <LI><a href="#[6]">NMI_Handler</a>&nbsp;&nbsp;&nbsp;&rArr;&nbsp;&nbsp;&nbsp;<a href="#[6]">NMI_Handler</a><BR>
 <LI><a href="#[7]">HardFault_Handler</a>&nbsp;&nbsp;&nbsp;&rArr;&nbsp;&nbsp;&nbsp;<a href="#[7]">HardFault_Handler</a><BR>
 <LI><a href="#[8]">SVC_Handler</a>&nbsp;&nbsp;&nbsp;&rArr;&nbsp;&nbsp;&nbsp;<a href="#[8]">SVC_Handler</a><BR>
 <LI><a href="#[a]">SysTick_Handler</a>&nbsp;&nbsp;&nbsp;&rArr;&nbsp;&nbsp;&nbsp;<a href="#[a]">SysTick_Handler</a><BR>
 <LI><a href="#[15]">ADC1_IRQHandler</a>&nbsp;&nbsp;&nbsp;&rArr;&nbsp;&nbsp;&nbsp;<a href="#[15]">ADC1_IRQHandler</a><BR>
 <LI><a href="#[4e]">Getc</a>&nbsp;&nbsp;&nbsp;&rArr;&nbsp;&nbsp;&nbsp;<a href="#[4e]">Getc</a><BR>
</UL>
<P>
<H3>
Function Pointers
</H3><UL>
 <LI><a href="#[15]">ADC1_IRQHandler</a> from startup_stm32f030.o(.text) referenced from startup_stm32f030.o(RESET)
 <LI><a href="#[12]">DMA1_Channel1_IRQHandler</a> from startup_stm32f030.o(.text) referenced from startup_stm32f030.o(RESET)
 <LI><a href="#[13]">DMA1_Channel2_3_IRQHandler</a> from startup_stm32f030.o(.text) referenced from startup_stm32f030.o(RESET)
 <LI><a href="#[14]">DMA1_Channel4_5_IRQHandler</a> from startup_stm32f030.o(.text) referenced from startup_stm32f030.o(RESET)
 <LI><a href="#[f]">EXTI0_1_IRQHandler</a> from ps2.o(i.EXTI0_1_IRQHandler) referenced from startup_stm32f030.o(RESET)
 <LI><a href="#[10]">EXTI2_3_IRQHandler</a> from startup_stm32f030.o(.text) referenced from startup_stm32f030.o(RESET)
 <LI><a href="#[11]">EXTI4_15_IRQHandler</a> from startup_stm32f030.o(.text) referenced from startup_stm32f030.o(RESET)
 <LI><a href="#[d]">FLASH_IRQHandler</a> from startup_stm32f030.o(.text) referenced from startup_stm32f030.o(RESET)
 <LI><a href="#[7]">HardFault_Handler</a> from startup_stm32f030.o(.text) referenced from startup_stm32f030.o(RESET)
 <LI><a href="#[1d]">I2C1_IRQHandler</a> from startup_stm32f030.o(.text) referenced from startup_stm32f030.o(RESET)
 <LI><a href="#[1e]">I2C2_IRQHandler</a> from startup_stm32f030.o(.text) referenced from startup_stm32f030.o(RESET)
 <LI><a href="#[6]">NMI_Handler</a> from startup_stm32f030.o(.text) referenced from startup_stm32f030.o(RESET)
 <LI><a href="#[9]">PendSV_Handler</a> from vga-min.o(i.PendSV_Handler) referenced from startup_stm32f030.o(RESET)
 <LI><a href="#[e]">RCC_IRQHandler</a> from startup_stm32f030.o(.text) referenced from startup_stm32f030.o(RESET)
 <LI><a href="#[c]">RTC_IRQHandler</a> from startup_stm32f030.o(.text) referenced from startup_stm32f030.o(RESET)
 <LI><a href="#[5]">Reset_Handler</a> from startup_stm32f030.o(.text) referenced from startup_stm32f030.o(RESET)
 <LI><a href="#[1f]">SPI1_IRQHandler</a> from startup_stm32f030.o(.text) referenced from startup_stm32f030.o(RESET)
 <LI><a href="#[20]">SPI2_IRQHandler</a> from startup_stm32f030.o(.text) referenced from startup_stm32f030.o(RESET)
 <LI><a href="#[8]">SVC_Handler</a> from startup_stm32f030.o(.text) referenced from startup_stm32f030.o(RESET)
 <LI><a href="#[a]">SysTick_Handler</a> from startup_stm32f030.o(.text) referenced from startup_stm32f030.o(RESET)
 <LI><a href="#[23]">SystemInit</a> from rcc.o(i.SystemInit) referenced from startup_stm32f030.o(.text)
 <LI><a href="#[19]">TIM14_IRQHandler</a> from startup_stm32f030.o(.text) referenced from startup_stm32f030.o(RESET)
 <LI><a href="#[1a]">TIM15_IRQHandler</a> from startup_stm32f030.o(.text) referenced from startup_stm32f030.o(RESET)
 <LI><a href="#[1b]">TIM16_IRQHandler</a> from startup_stm32f030.o(.text) referenced from startup_stm32f030.o(RESET)
 <LI><a href="#[1c]">TIM17_IRQHandler</a> from startup_stm32f030.o(.text) referenced from startup_stm32f030.o(RESET)
 <LI><a href="#[16]">TIM1_BRK_UP_TRG_COM_IRQHandler</a> from startup_stm32f030.o(.text) referenced from startup_stm32f030.o(RESET)
 <LI><a href="#[17]">TIM1_CC_IRQHandler</a> from startup_stm32f030.o(.text) referenced from startup_stm32f030.o(RESET)
 <LI><a href="#[18]">TIM3_IRQHandler</a> from vga-min.o(i.TIM3_IRQHandler) referenced from startup_stm32f030.o(RESET)
 <LI><a href="#[21]">USART1_IRQHandler</a> from serial.o(i.USART1_IRQHandler) referenced from startup_stm32f030.o(RESET)
 <LI><a href="#[22]">USART2_IRQHandler</a> from startup_stm32f030.o(.text) referenced from startup_stm32f030.o(RESET)
 <LI><a href="#[26]">VerticalBlank_CB</a> from ansi.o(i.VerticalBlank_CB) referenced from ansi.o(i.ANSI_Init)
 <LI><a href="#[b]">WWDG_IRQHandler</a> from startup_stm32f030.o(.text) referenced from startup_stm32f030.o(RESET)
 <LI><a href="#[27]">__main</a> from __main.o(!!!main) referenced from startup_stm32f030.o(.text)
 <LI><a href="#[25]">_get_lc_ctype</a> from lc_ctype_c.o(locale$$code) referenced from rt_ctype_table.o(.text)
</UL>
<P>
<H3>
Global Symbols
</H3>
<P><STRONG><a name="[27]"></a>__main</STRONG> (Thumb, 8 bytes, Stack size 0 bytes, __main.o(!!!main))
<BR><BR>[Calls]<UL><LI><a href="#[29]">&gt;&gt;</a>&nbsp;&nbsp;&nbsp;__rt_entry
<LI><a href="#[28]">&gt;&gt;</a>&nbsp;&nbsp;&nbsp;__scatterload
</UL>

<P><STRONG><a name="[28]"></a>__scatterload</STRONG> (Thumb, 0 bytes, Stack size unknown bytes, __scatter.o(!!!scatter))
<BR><BR>[Called By]<UL><LI><a href="#[27]">&gt;&gt;</a>&nbsp;&nbsp;&nbsp;__main
</UL>

<P><STRONG><a name="[2a]"></a>__scatterload_rt2</STRONG> (Thumb, 52 bytes, Stack size unknown bytes, __scatter.o(!!!scatter), UNUSED)
<BR><BR>[Calls]<UL><LI><a href="#[29]">&gt;&gt;</a>&nbsp;&nbsp;&nbsp;__rt_entry
</UL>

<P><STRONG><a name="[5f]"></a>__scatterload_rt2_thumb_only</STRONG> (Thumb, 0 bytes, Stack size unknown bytes, __scatter.o(!!!scatter), UNUSED)

<P><STRONG><a name="[60]"></a>__scatterload_null</STRONG> (Thumb, 0 bytes, Stack size unknown bytes, __scatter.o(!!!scatter), UNUSED)

<P><STRONG><a name="[2b]"></a>__scatterload_copy</STRONG> (Thumb, 26 bytes, Stack size unknown bytes, __scatter_copy.o(!!handler_copy), UNUSED)
<BR><BR>[Calls]<UL><LI><a href="#[2b]">&gt;&gt;</a>&nbsp;&nbsp;&nbsp;__scatterload_copy
</UL>
<BR>[Called By]<UL><LI><a href="#[2b]">&gt;&gt;</a>&nbsp;&nbsp;&nbsp;__scatterload_copy
</UL>

<P><STRONG><a name="[61]"></a>__scatterload_zeroinit</STRONG> (Thumb, 28 bytes, Stack size unknown bytes, __scatter_zi.o(!!handler_zi), UNUSED)

<P><STRONG><a name="[32]"></a>__rt_lib_init</STRONG> (Thumb, 0 bytes, Stack size unknown bytes, libinit.o(.ARM.Collect$$libinit$$00000000))
<BR><BR>[Called By]<UL><LI><a href="#[31]">&gt;&gt;</a>&nbsp;&nbsp;&nbsp;__rt_entry_li
</UL>

<P><STRONG><a name="[62]"></a>__rt_lib_init_fp_1</STRONG> (Thumb, 0 bytes, Stack size unknown bytes, libinit2.o(.ARM.Collect$$libinit$$00000002))

<P><STRONG><a name="[63]"></a>__rt_lib_init_heap_1</STRONG> (Thumb, 0 bytes, Stack size unknown bytes, libinit2.o(.ARM.Collect$$libinit$$0000000A))

<P><STRONG><a name="[2c]"></a>__rt_lib_init_lc_common</STRONG> (Thumb, 0 bytes, Stack size unknown bytes, libinit2.o(.ARM.Collect$$libinit$$0000000F))
<BR><BR>[Calls]<UL><LI><a href="#[2d]">&gt;&gt;</a>&nbsp;&nbsp;&nbsp;__rt_locale
</UL>

<P><STRONG><a name="[64]"></a>__rt_lib_init_preinit_1</STRONG> (Thumb, 0 bytes, Stack size unknown bytes, libinit2.o(.ARM.Collect$$libinit$$00000004))

<P><STRONG><a name="[65]"></a>__rt_lib_init_rand_1</STRONG> (Thumb, 0 bytes, Stack size unknown bytes, libinit2.o(.ARM.Collect$$libinit$$0000000E))

<P><STRONG><a name="[66]"></a>__rt_lib_init_user_alloc_1</STRONG> (Thumb, 0 bytes, Stack size unknown bytes, libinit2.o(.ARM.Collect$$libinit$$0000000C))

<P><STRONG><a name="[67]"></a>__rt_lib_init_lc_collate_1</STRONG> (Thumb, 0 bytes, Stack size unknown bytes, libinit2.o(.ARM.Collect$$libinit$$00000011))

<P><STRONG><a name="[2e]"></a>__rt_lib_init_lc_ctype_2</STRONG> (Thumb, 0 bytes, Stack size unknown bytes, libinit2.o(.ARM.Collect$$libinit$$00000012))
<BR><BR>[Stack]<UL><LI>Max Depth = 24 + Unknown Stack Size
<LI>Call Chain = __rt_lib_init_lc_ctype_2 &rArr; _get_lc_ctype &rArr; strcmp
</UL>
<BR>[Calls]<UL><LI><a href="#[25]">&gt;&gt;</a>&nbsp;&nbsp;&nbsp;_get_lc_ctype
</UL>

<P><STRONG><a name="[68]"></a>__rt_lib_init_alloca_1</STRONG> (Thumb, 0 bytes, Stack size unknown bytes, libinit2.o(.ARM.Collect$$libinit$$0000002E))

<P><STRONG><a name="[69]"></a>__rt_lib_init_argv_1</STRONG> (Thumb, 0 bytes, Stack size unknown bytes, libinit2.o(.ARM.Collect$$libinit$$0000002C))

<P><STRONG><a name="[6a]"></a>__rt_lib_init_atexit_1</STRONG> (Thumb, 0 bytes, Stack size unknown bytes, libinit2.o(.ARM.Collect$$libinit$$0000001B))

<P><STRONG><a name="[6b]"></a>__rt_lib_init_clock_1</STRONG> (Thumb, 0 bytes, Stack size unknown bytes, libinit2.o(.ARM.Collect$$libinit$$00000021))

<P><STRONG><a name="[6c]"></a>__rt_lib_init_cpp_1</STRONG> (Thumb, 0 bytes, Stack size unknown bytes, libinit2.o(.ARM.Collect$$libinit$$00000032))

<P><STRONG><a name="[6d]"></a>__rt_lib_init_exceptions_1</STRONG> (Thumb, 0 bytes, Stack size unknown bytes, libinit2.o(.ARM.Collect$$libinit$$00000030))

<P><STRONG><a name="[6e]"></a>__rt_lib_init_fp_trap_1</STRONG> (Thumb, 0 bytes, Stack size unknown bytes, libinit2.o(.ARM.Collect$$libinit$$0000001F))

<P><STRONG><a name="[6f]"></a>__rt_lib_init_getenv_1</STRONG> (Thumb, 0 bytes, Stack size unknown bytes, libinit2.o(.ARM.Collect$$libinit$$00000023))

<P><STRONG><a name="[70]"></a>__rt_lib_init_lc_ctype_1</STRONG> (Thumb, 0 bytes, Stack size unknown bytes, libinit2.o(.ARM.Collect$$libinit$$00000013))

<P><STRONG><a name="[71]"></a>__rt_lib_init_lc_monetary_1</STRONG> (Thumb, 0 bytes, Stack size unknown bytes, libinit2.o(.ARM.Collect$$libinit$$00000015))

<P><STRONG><a name="[72]"></a>__rt_lib_init_lc_numeric_1</STRONG> (Thumb, 0 bytes, Stack size unknown bytes, libinit2.o(.ARM.Collect$$libinit$$00000017))

<P><STRONG><a name="[73]"></a>__rt_lib_init_lc_time_1</STRONG> (Thumb, 0 bytes, Stack size unknown bytes, libinit2.o(.ARM.Collect$$libinit$$00000019))

<P><STRONG><a name="[74]"></a>__rt_lib_init_return</STRONG> (Thumb, 0 bytes, Stack size unknown bytes, libinit2.o(.ARM.Collect$$libinit$$00000033))

<P><STRONG><a name="[75]"></a>__rt_lib_init_signal_1</STRONG> (Thumb, 0 bytes, Stack size unknown bytes, libinit2.o(.ARM.Collect$$libinit$$0000001D))

<P><STRONG><a name="[76]"></a>__rt_lib_init_stdio_1</STRONG> (Thumb, 0 bytes, Stack size unknown bytes, libinit2.o(.ARM.Collect$$libinit$$00000025))

<P><STRONG><a name="[37]"></a>__rt_lib_shutdown</STRONG> (Thumb, 0 bytes, Stack size unknown bytes, libshutdown.o(.ARM.Collect$$libshutdown$$00000000))
<BR><BR>[Called By]<UL><LI><a href="#[36]">&gt;&gt;</a>&nbsp;&nbsp;&nbsp;__rt_exit_ls
</UL>

<P><STRONG><a name="[77]"></a>__rt_lib_shutdown_fp_trap_1</STRONG> (Thumb, 0 bytes, Stack size unknown bytes, libshutdown2.o(.ARM.Collect$$libshutdown$$00000006))

<P><STRONG><a name="[78]"></a>__rt_lib_shutdown_heap_1</STRONG> (Thumb, 0 bytes, Stack size unknown bytes, libshutdown2.o(.ARM.Collect$$libshutdown$$0000000E))

<P><STRONG><a name="[79]"></a>__rt_lib_shutdown_return</STRONG> (Thumb, 0 bytes, Stack size unknown bytes, libshutdown2.o(.ARM.Collect$$libshutdown$$0000000F))

<P><STRONG><a name="[7a]"></a>__rt_lib_shutdown_signal_1</STRONG> (Thumb, 0 bytes, Stack size unknown bytes, libshutdown2.o(.ARM.Collect$$libshutdown$$00000009))

<P><STRONG><a name="[7b]"></a>__rt_lib_shutdown_stdio_1</STRONG> (Thumb, 0 bytes, Stack size unknown bytes, libshutdown2.o(.ARM.Collect$$libshutdown$$00000003))

<P><STRONG><a name="[7c]"></a>__rt_lib_shutdown_user_alloc_1</STRONG> (Thumb, 0 bytes, Stack size unknown bytes, libshutdown2.o(.ARM.Collect$$libshutdown$$0000000B))

<P><STRONG><a name="[29]"></a>__rt_entry</STRONG> (Thumb, 0 bytes, Stack size unknown bytes, __rtentry.o(.ARM.Collect$$rtentry$$00000000))
<BR><BR>[Called By]<UL><LI><a href="#[27]">&gt;&gt;</a>&nbsp;&nbsp;&nbsp;__main
<LI><a href="#[2a]">&gt;&gt;</a>&nbsp;&nbsp;&nbsp;__scatterload_rt2
</UL>

<P><STRONG><a name="[7d]"></a>__rt_entry_presh_1</STRONG> (Thumb, 0 bytes, Stack size unknown bytes, __rtentry2.o(.ARM.Collect$$rtentry$$00000002))

<P><STRONG><a name="[2f]"></a>__rt_entry_sh</STRONG> (Thumb, 0 bytes, Stack size unknown bytes, __rtentry4.o(.ARM.Collect$$rtentry$$00000004))
<BR><BR>[Stack]<UL><LI>Max Depth = 8 + Unknown Stack Size
<LI>Call Chain = __rt_entry_sh &rArr; __user_setup_stackheap
</UL>
<BR>[Calls]<UL><LI><a href="#[30]">&gt;&gt;</a>&nbsp;&nbsp;&nbsp;__user_setup_stackheap
</UL>

<P><STRONG><a name="[31]"></a>__rt_entry_li</STRONG> (Thumb, 0 bytes, Stack size unknown bytes, __rtentry2.o(.ARM.Collect$$rtentry$$0000000A))
<BR><BR>[Calls]<UL><LI><a href="#[32]">&gt;&gt;</a>&nbsp;&nbsp;&nbsp;__rt_lib_init
</UL>

<P><STRONG><a name="[7e]"></a>__rt_entry_postsh_1</STRONG> (Thumb, 0 bytes, Stack size unknown bytes, __rtentry2.o(.ARM.Collect$$rtentry$$00000009))

<P><STRONG><a name="[33]"></a>__rt_entry_main</STRONG> (Thumb, 0 bytes, Stack size unknown bytes, __rtentry2.o(.ARM.Collect$$rtentry$$0000000D))
<BR><BR>[Stack]<UL><LI>Max Depth = 96 + Unknown Stack Size
<LI>Call Chain = __rt_entry_main &rArr; main &rArr; ANSI_FSM &rArr; ControlCode &rArr; Cursor_MoveTo &rArr; __aeabi_memmove &rArr; __aeabi_memcpy
</UL>
<BR>[Calls]<UL><LI><a href="#[35]">&gt;&gt;</a>&nbsp;&nbsp;&nbsp;exit
<LI><a href="#[34]">&gt;&gt;</a>&nbsp;&nbsp;&nbsp;main
</UL>

<P><STRONG><a name="[7f]"></a>__rt_entry_postli_1</STRONG> (Thumb, 0 bytes, Stack size unknown bytes, __rtentry2.o(.ARM.Collect$$rtentry$$0000000C))

<P><STRONG><a name="[46]"></a>__rt_exit</STRONG> (Thumb, 0 bytes, Stack size unknown bytes, rtexit.o(.ARM.Collect$$rtexit$$00000000))
<BR><BR>[Called By]<UL><LI><a href="#[35]">&gt;&gt;</a>&nbsp;&nbsp;&nbsp;exit
</UL>

<P><STRONG><a name="[36]"></a>__rt_exit_ls</STRONG> (Thumb, 0 bytes, Stack size unknown bytes, rtexit2.o(.ARM.Collect$$rtexit$$00000003))
<BR><BR>[Calls]<UL><LI><a href="#[37]">&gt;&gt;</a>&nbsp;&nbsp;&nbsp;__rt_lib_shutdown
</UL>

<P><STRONG><a name="[80]"></a>__rt_exit_prels_1</STRONG> (Thumb, 0 bytes, Stack size unknown bytes, rtexit2.o(.ARM.Collect$$rtexit$$00000002))

<P><STRONG><a name="[38]"></a>__rt_exit_exit</STRONG> (Thumb, 0 bytes, Stack size unknown bytes, rtexit2.o(.ARM.Collect$$rtexit$$00000004))
<BR><BR>[Calls]<UL><LI><a href="#[39]">&gt;&gt;</a>&nbsp;&nbsp;&nbsp;_sys_exit
</UL>

<P><STRONG><a name="[3c]"></a>__aeabi_memcpy4</STRONG> (Thumb, 56 bytes, Stack size 0 bytes, rt_memcpy.o(.emb_text))
<BR><BR>[Called By]<UL><LI><a href="#[3e]">&gt;&gt;</a>&nbsp;&nbsp;&nbsp;__aeabi_memcpy
<LI><a href="#[3b]">&gt;&gt;</a>&nbsp;&nbsp;&nbsp;__aeabi_memmove4
</UL>

<P><STRONG><a name="[81]"></a>__aeabi_memcpy8</STRONG> (Thumb, 0 bytes, Stack size 0 bytes, rt_memcpy.o(.emb_text), UNUSED)

<P><STRONG><a name="[5]"></a>Reset_Handler</STRONG> (Thumb, 8 bytes, Stack size 0 bytes, startup_stm32f030.o(.text))
<BR>[Address Reference Count : 1]<UL><LI> startup_stm32f030.o(RESET)
</UL>
<P><STRONG><a name="[6]"></a>NMI_Handler</STRONG> (Thumb, 2 bytes, Stack size 0 bytes, startup_stm32f030.o(.text))
<BR><BR>[Calls]<UL><LI><a href="#[6]">&gt;&gt;</a>&nbsp;&nbsp;&nbsp;NMI_Handler
</UL>
<BR>[Called By]<UL><LI><a href="#[6]">&gt;&gt;</a>&nbsp;&nbsp;&nbsp;NMI_Handler
</UL>
<BR>[Address Reference Count : 1]<UL><LI> startup_stm32f030.o(RESET)
</UL>
<P><STRONG><a name="[7]"></a>HardFault_Handler</STRONG> (Thumb, 2 bytes, Stack size 0 bytes, startup_stm32f030.o(.text))
<BR><BR>[Calls]<UL><LI><a href="#[7]">&gt;&gt;</a>&nbsp;&nbsp;&nbsp;HardFault_Handler
</UL>
<BR>[Called By]<UL><LI><a href="#[7]">&gt;&gt;</a>&nbsp;&nbsp;&nbsp;HardFault_Handler
</UL>
<BR>[Address Reference Count : 1]<UL><LI> startup_stm32f030.o(RESET)
</UL>
<P><STRONG><a name="[8]"></a>SVC_Handler</STRONG> (Thumb, 2 bytes, Stack size 0 bytes, startup_stm32f030.o(.text))
<BR><BR>[Calls]<UL><LI><a href="#[8]">&gt;&gt;</a>&nbsp;&nbsp;&nbsp;SVC_Handler
</UL>
<BR>[Called By]<UL><LI><a href="#[8]">&gt;&gt;</a>&nbsp;&nbsp;&nbsp;SVC_Handler
</UL>
<BR>[Address Reference Count : 1]<UL><LI> startup_stm32f030.o(RESET)
</UL>
<P><STRONG><a name="[a]"></a>SysTick_Handler</STRONG> (Thumb, 2 bytes, Stack size 0 bytes, startup_stm32f030.o(.text))
<BR><BR>[Calls]<UL><LI><a href="#[a]">&gt;&gt;</a>&nbsp;&nbsp;&nbsp;SysTick_Handler
</UL>
<BR>[Called By]<UL><LI><a href="#[a]">&gt;&gt;</a>&nbsp;&nbsp;&nbsp;SysTick_Handler
</UL>
<BR>[Address Reference Count : 1]<UL><LI> startup_stm32f030.o(RESET)
</UL>
<P><STRONG><a name="[15]"></a>ADC1_IRQHandler</STRONG> (Thumb, 0 bytes, Stack size 0 bytes, startup_stm32f030.o(.text))
<BR><BR>[Calls]<UL><LI><a href="#[15]">&gt;&gt;</a>&nbsp;&nbsp;&nbsp;ADC1_IRQHandler
</UL>
<BR>[Called By]<UL><LI><a href="#[15]">&gt;&gt;</a>&nbsp;&nbsp;&nbsp;ADC1_IRQHandler
</UL>
<BR>[Address Reference Count : 1]<UL><LI> startup_stm32f030.o(RESET)
</UL>
<P><STRONG><a name="[12]"></a>DMA1_Channel1_IRQHandler</STRONG> (Thumb, 0 bytes, Stack size 0 bytes, startup_stm32f030.o(.text))
<BR>[Address Reference Count : 1]<UL><LI> startup_stm32f030.o(RESET)
</UL>
<P><STRONG><a name="[13]"></a>DMA1_Channel2_3_IRQHandler</STRONG> (Thumb, 0 bytes, Stack size 0 bytes, startup_stm32f030.o(.text))
<BR>[Address Reference Count : 1]<UL><LI> startup_stm32f030.o(RESET)
</UL>
<P><STRONG><a name="[14]"></a>DMA1_Channel4_5_IRQHandler</STRONG> (Thumb, 0 bytes, Stack size 0 bytes, startup_stm32f030.o(.text))
<BR>[Address Reference Count : 1]<UL><LI> startup_stm32f030.o(RESET)
</UL>
<P><STRONG><a name="[10]"></a>EXTI2_3_IRQHandler</STRONG> (Thumb, 0 bytes, Stack size 0 bytes, startup_stm32f030.o(.text))
<BR>[Address Reference Count : 1]<UL><LI> startup_stm32f030.o(RESET)
</UL>
<P><STRONG><a name="[11]"></a>EXTI4_15_IRQHandler</STRONG> (Thumb, 0 bytes, Stack size 0 bytes, startup_stm32f030.o(.text))
<BR>[Address Reference Count : 1]<UL><LI> startup_stm32f030.o(RESET)
</UL>
<P><STRONG><a name="[d]"></a>FLASH_IRQHandler</STRONG> (Thumb, 0 bytes, Stack size 0 bytes, startup_stm32f030.o(.text))
<BR>[Address Reference Count : 1]<UL><LI> startup_stm32f030.o(RESET)
</UL>
<P><STRONG><a name="[1d]"></a>I2C1_IRQHandler</STRONG> (Thumb, 0 bytes, Stack size 0 bytes, startup_stm32f030.o(.text))
<BR>[Address Reference Count : 1]<UL><LI> startup_stm32f030.o(RESET)
</UL>
<P><STRONG><a name="[1e]"></a>I2C2_IRQHandler</STRONG> (Thumb, 0 bytes, Stack size 0 bytes, startup_stm32f030.o(.text))
<BR>[Address Reference Count : 1]<UL><LI> startup_stm32f030.o(RESET)
</UL>
<P><STRONG><a name="[e]"></a>RCC_IRQHandler</STRONG> (Thumb, 0 bytes, Stack size 0 bytes, startup_stm32f030.o(.text))
<BR>[Address Reference Count : 1]<UL><LI> startup_stm32f030.o(RESET)
</UL>
<P><STRONG><a name="[c]"></a>RTC_IRQHandler</STRONG> (Thumb, 0 bytes, Stack size 0 bytes, startup_stm32f030.o(.text))
<BR>[Address Reference Count : 1]<UL><LI> startup_stm32f030.o(RESET)
</UL>
<P><STRONG><a name="[1f]"></a>SPI1_IRQHandler</STRONG> (Thumb, 0 bytes, Stack size 0 bytes, startup_stm32f030.o(.text))
<BR>[Address Reference Count : 1]<UL><LI> startup_stm32f030.o(RESET)
</UL>
<P><STRONG><a name="[20]"></a>SPI2_IRQHandler</STRONG> (Thumb, 0 bytes, Stack size 0 bytes, startup_stm32f030.o(.text))
<BR>[Address Reference Count : 1]<UL><LI> startup_stm32f030.o(RESET)
</UL>
<P><STRONG><a name="[19]"></a>TIM14_IRQHandler</STRONG> (Thumb, 0 bytes, Stack size 0 bytes, startup_stm32f030.o(.text))
<BR>[Address Reference Count : 1]<UL><LI> startup_stm32f030.o(RESET)
</UL>
<P><STRONG><a name="[1a]"></a>TIM15_IRQHandler</STRONG> (Thumb, 0 bytes, Stack size 0 bytes, startup_stm32f030.o(.text))
<BR>[Address Reference Count : 1]<UL><LI> startup_stm32f030.o(RESET)
</UL>
<P><STRONG><a name="[1b]"></a>TIM16_IRQHandler</STRONG> (Thumb, 0 bytes, Stack size 0 bytes, startup_stm32f030.o(.text))
<BR>[Address Reference Count : 1]<UL><LI> startup_stm32f030.o(RESET)
</UL>
<P><STRONG><a name="[1c]"></a>TIM17_IRQHandler</STRONG> (Thumb, 0 bytes, Stack size 0 bytes, startup_stm32f030.o(.text))
<BR>[Address Reference Count : 1]<UL><LI> startup_stm32f030.o(RESET)
</UL>
<P><STRONG><a name="[16]"></a>TIM1_BRK_UP_TRG_COM_IRQHandler</STRONG> (Thumb, 0 bytes, Stack size 0 bytes, startup_stm32f030.o(.text))
<BR>[Address Reference Count : 1]<UL><LI> startup_stm32f030.o(RESET)
</UL>
<P><STRONG><a name="[17]"></a>TIM1_CC_IRQHandler</STRONG> (Thumb, 0 bytes, Stack size 0 bytes, startup_stm32f030.o(.text))
<BR>[Address Reference Count : 1]<UL><LI> startup_stm32f030.o(RESET)
</UL>
<P><STRONG><a name="[22]"></a>USART2_IRQHandler</STRONG> (Thumb, 0 bytes, Stack size 0 bytes, startup_stm32f030.o(.text))
<BR>[Address Reference Count : 1]<UL><LI> startup_stm32f030.o(RESET)
</UL>
<P><STRONG><a name="[b]"></a>WWDG_IRQHandler</STRONG> (Thumb, 0 bytes, Stack size 0 bytes, startup_stm32f030.o(.text))
<BR>[Address Reference Count : 1]<UL><LI> startup_stm32f030.o(RESET)
</UL>
<P><STRONG><a name="[44]"></a>__user_initial_stackheap</STRONG> (Thumb, 0 bytes, Stack size unknown bytes, startup_stm32f030.o(.text))
<BR><BR>[Called By]<UL><LI><a href="#[30]">&gt;&gt;</a>&nbsp;&nbsp;&nbsp;__user_setup_stackheap
</UL>

<P><STRONG><a name="[3a]"></a>__rt_ctype_table</STRONG> (Thumb, 16 bytes, Stack size 8 bytes, rt_ctype_table.o(.text))
<BR><BR>[Stack]<UL><LI>Max Depth = 8<LI>Call Chain = __rt_ctype_table
</UL>
<BR>[Calls]<UL><LI><a href="#[2d]">&gt;&gt;</a>&nbsp;&nbsp;&nbsp;__rt_locale
</UL>
<BR>[Called By]<UL><LI><a href="#[47]">&gt;&gt;</a>&nbsp;&nbsp;&nbsp;ANSI_FSM
<LI><a href="#[51]">&gt;&gt;</a>&nbsp;&nbsp;&nbsp;PS2_Decode
</UL>

<P><STRONG><a name="[52]"></a>strchr</STRONG> (Thumb, 20 bytes, Stack size 0 bytes, strchr.o(.text))
<BR><BR>[Called By]<UL><LI><a href="#[51]">&gt;&gt;</a>&nbsp;&nbsp;&nbsp;PS2_Decode
</UL>

<P><STRONG><a name="[3b]"></a>__aeabi_memmove4</STRONG> (Thumb, 70 bytes, Stack size 16 bytes, rt_memmove.o(.text))
<BR><BR>[Stack]<UL><LI>Max Depth = 16<LI>Call Chain = __aeabi_memmove4
</UL>
<BR>[Calls]<UL><LI><a href="#[3c]">&gt;&gt;</a>&nbsp;&nbsp;&nbsp;__aeabi_memcpy4
</UL>
<BR>[Called By]<UL><LI><a href="#[3d]">&gt;&gt;</a>&nbsp;&nbsp;&nbsp;__aeabi_memmove
</UL>

<P><STRONG><a name="[82]"></a>__aeabi_memmove8</STRONG> (Thumb, 0 bytes, Stack size 16 bytes, rt_memmove.o(.text), UNUSED)

<P><STRONG><a name="[3d]"></a>__aeabi_memmove</STRONG> (Thumb, 80 bytes, Stack size 24 bytes, rt_memmove.o(.text))
<BR><BR>[Stack]<UL><LI>Max Depth = 48<LI>Call Chain = __aeabi_memmove &rArr; __aeabi_memcpy
</UL>
<BR>[Calls]<UL><LI><a href="#[3e]">&gt;&gt;</a>&nbsp;&nbsp;&nbsp;__aeabi_memcpy
<LI><a href="#[3b]">&gt;&gt;</a>&nbsp;&nbsp;&nbsp;__aeabi_memmove4
</UL>
<BR>[Called By]<UL><LI><a href="#[4a]">&gt;&gt;</a>&nbsp;&nbsp;&nbsp;Cursor_MoveTo
</UL>

<P><STRONG><a name="[83]"></a>__rt_memmove</STRONG> (Thumb, 0 bytes, Stack size 24 bytes, rt_memmove.o(.text), UNUSED)

<P><STRONG><a name="[40]"></a>_memset_w</STRONG> (Thumb, 26 bytes, Stack size 0 bytes, rt_memclr.o(.text))
<BR><BR>[Called By]<UL><LI><a href="#[42]">&gt;&gt;</a>&nbsp;&nbsp;&nbsp;__rt_memclr_w
<LI><a href="#[3f]">&gt;&gt;</a>&nbsp;&nbsp;&nbsp;_memset
</UL>

<P><STRONG><a name="[3f]"></a>_memset</STRONG> (Thumb, 30 bytes, Stack size 0 bytes, rt_memclr.o(.text))
<BR><BR>[Calls]<UL><LI><a href="#[40]">&gt;&gt;</a>&nbsp;&nbsp;&nbsp;_memset_w
</UL>
<BR>[Called By]<UL><LI><a href="#[41]">&gt;&gt;</a>&nbsp;&nbsp;&nbsp;__aeabi_memclr
</UL>

<P><STRONG><a name="[41]"></a>__aeabi_memclr</STRONG> (Thumb, 4 bytes, Stack size 0 bytes, rt_memclr.o(.text))
<BR><BR>[Calls]<UL><LI><a href="#[3f]">&gt;&gt;</a>&nbsp;&nbsp;&nbsp;_memset
</UL>
<BR>[Called By]<UL><LI><a href="#[4a]">&gt;&gt;</a>&nbsp;&nbsp;&nbsp;Cursor_MoveTo
<LI><a href="#[48]">&gt;&gt;</a>&nbsp;&nbsp;&nbsp;ControlCode
<LI><a href="#[47]">&gt;&gt;</a>&nbsp;&nbsp;&nbsp;ANSI_FSM
</UL>

<P><STRONG><a name="[84]"></a>__rt_memclr</STRONG> (Thumb, 0 bytes, Stack size 0 bytes, rt_memclr.o(.text), UNUSED)

<P><STRONG><a name="[85]"></a>__aeabi_memclr4</STRONG> (Thumb, 0 bytes, Stack size 0 bytes, rt_memclr.o(.text), UNUSED)

<P><STRONG><a name="[86]"></a>__aeabi_memclr8</STRONG> (Thumb, 0 bytes, Stack size 0 bytes, rt_memclr.o(.text), UNUSED)

<P><STRONG><a name="[42]"></a>__rt_memclr_w</STRONG> (Thumb, 4 bytes, Stack size 0 bytes, rt_memclr.o(.text), UNUSED)
<BR><BR>[Calls]<UL><LI><a href="#[40]">&gt;&gt;</a>&nbsp;&nbsp;&nbsp;_memset_w
</UL>

<P><STRONG><a name="[87]"></a>__aeabi_uidiv</STRONG> (Thumb, 0 bytes, Stack size 0 bytes, aeabi_sdivfast.o(.text), UNUSED)

<P><STRONG><a name="[4c]"></a>__aeabi_uidivmod</STRONG> (Thumb, 28 bytes, Stack size 0 bytes, aeabi_sdivfast.o(.text))
<BR><BR>[Called By]<UL><LI><a href="#[57]">&gt;&gt;</a>&nbsp;&nbsp;&nbsp;PutCSI
<LI><a href="#[49]">&gt;&gt;</a>&nbsp;&nbsp;&nbsp;CSI_Sequence
</UL>

<P><STRONG><a name="[88]"></a>__aeabi_idiv</STRONG> (Thumb, 0 bytes, Stack size 8 bytes, aeabi_sdivfast.o(.text), UNUSED)

<P><STRONG><a name="[89]"></a>__aeabi_idivmod</STRONG> (Thumb, 460 bytes, Stack size 8 bytes, aeabi_sdivfast.o(.text), UNUSED)

<P><STRONG><a name="[8a]"></a>__use_two_region_memory</STRONG> (Thumb, 2 bytes, Stack size 0 bytes, heapauxi.o(.text), UNUSED)

<P><STRONG><a name="[8b]"></a>__rt_heap_escrow$2region</STRONG> (Thumb, 2 bytes, Stack size 0 bytes, heapauxi.o(.text), UNUSED)

<P><STRONG><a name="[8c]"></a>__rt_heap_expand$2region</STRONG> (Thumb, 2 bytes, Stack size 0 bytes, heapauxi.o(.text), UNUSED)

<P><STRONG><a name="[2d]"></a>__rt_locale</STRONG> (Thumb, 8 bytes, Stack size 0 bytes, rt_locale_intlibspace.o(.text))
<BR><BR>[Called By]<UL><LI><a href="#[2c]">&gt;&gt;</a>&nbsp;&nbsp;&nbsp;__rt_lib_init_lc_common
<LI><a href="#[3a]">&gt;&gt;</a>&nbsp;&nbsp;&nbsp;__rt_ctype_table
</UL>

<P><STRONG><a name="[3e]"></a>__aeabi_memcpy</STRONG> (Thumb, 130 bytes, Stack size 24 bytes, rt_memcpy.o(.text))
<BR><BR>[Stack]<UL><LI>Max Depth = 24<LI>Call Chain = __aeabi_memcpy
</UL>
<BR>[Calls]<UL><LI><a href="#[3c]">&gt;&gt;</a>&nbsp;&nbsp;&nbsp;__aeabi_memcpy4
</UL>
<BR>[Called By]<UL><LI><a href="#[3d]">&gt;&gt;</a>&nbsp;&nbsp;&nbsp;__aeabi_memmove
</UL>

<P><STRONG><a name="[8d]"></a>__rt_memcpy</STRONG> (Thumb, 0 bytes, Stack size 24 bytes, rt_memcpy.o(.text), UNUSED)

<P><STRONG><a name="[8e]"></a>__user_libspace</STRONG> (Thumb, 8 bytes, Stack size 0 bytes, libspace.o(.text), UNUSED)

<P><STRONG><a name="[43]"></a>__user_perproc_libspace</STRONG> (Thumb, 0 bytes, Stack size 0 bytes, libspace.o(.text))
<BR><BR>[Called By]<UL><LI><a href="#[30]">&gt;&gt;</a>&nbsp;&nbsp;&nbsp;__user_setup_stackheap
</UL>

<P><STRONG><a name="[8f]"></a>__user_perthread_libspace</STRONG> (Thumb, 0 bytes, Stack size 0 bytes, libspace.o(.text), UNUSED)

<P><STRONG><a name="[5e]"></a>strcmp</STRONG> (Thumb, 160 bytes, Stack size 16 bytes, strcmpv6m.o(.text))
<BR><BR>[Stack]<UL><LI>Max Depth = 16<LI>Call Chain = strcmp
</UL>
<BR>[Called By]<UL><LI><a href="#[25]">&gt;&gt;</a>&nbsp;&nbsp;&nbsp;_get_lc_ctype
</UL>

<P><STRONG><a name="[30]"></a>__user_setup_stackheap</STRONG> (Thumb, 62 bytes, Stack size 8 bytes, sys_stackheap_outer.o(.text))
<BR><BR>[Stack]<UL><LI>Max Depth = 8 + Unknown Stack Size
<LI>Call Chain = __user_setup_stackheap
</UL>
<BR>[Calls]<UL><LI><a href="#[43]">&gt;&gt;</a>&nbsp;&nbsp;&nbsp;__user_perproc_libspace
<LI><a href="#[44]">&gt;&gt;</a>&nbsp;&nbsp;&nbsp;__user_initial_stackheap
</UL>
<BR>[Called By]<UL><LI><a href="#[2f]">&gt;&gt;</a>&nbsp;&nbsp;&nbsp;__rt_entry_sh
</UL>

<P><STRONG><a name="[35]"></a>exit</STRONG> (Thumb, 12 bytes, Stack size 0 bytes, exit.o(.text))
<BR><BR>[Calls]<UL><LI><a href="#[45]">&gt;&gt;</a>&nbsp;&nbsp;&nbsp;_call_atexit_fns (Weak Reference)
<LI><a href="#[46]">&gt;&gt;</a>&nbsp;&nbsp;&nbsp;__rt_exit
</UL>
<BR>[Called By]<UL><LI><a href="#[33]">&gt;&gt;</a>&nbsp;&nbsp;&nbsp;__rt_entry_main
</UL>

<P><STRONG><a name="[39]"></a>_sys_exit</STRONG> (Thumb, 8 bytes, Stack size 0 bytes, sys_exit.o(.text))
<BR><BR>[Called By]<UL><LI><a href="#[38]">&gt;&gt;</a>&nbsp;&nbsp;&nbsp;__rt_exit_exit
</UL>

<P><STRONG><a name="[90]"></a>__I$use$semihosting</STRONG> (Thumb, 0 bytes, Stack size 0 bytes, use_no_semi.o(.text), UNUSED)

<P><STRONG><a name="[91]"></a>__use_no_semihosting_swi</STRONG> (Thumb, 2 bytes, Stack size 0 bytes, use_no_semi.o(.text), UNUSED)

<P><STRONG><a name="[92]"></a>__semihosting_library_function</STRONG> (Thumb, 0 bytes, Stack size unknown bytes, indicate_semi.o(.text), UNUSED)

<P><STRONG><a name="[47]"></a>ANSI_FSM</STRONG> (Thumb, 172 bytes, Stack size 16 bytes, ansi.o(i.ANSI_FSM))
<BR><BR>[Stack]<UL><LI>Max Depth = 96<LI>Call Chain = ANSI_FSM &rArr; ControlCode &rArr; Cursor_MoveTo &rArr; __aeabi_memmove &rArr; __aeabi_memcpy
</UL>
<BR>[Calls]<UL><LI><a href="#[41]">&gt;&gt;</a>&nbsp;&nbsp;&nbsp;__aeabi_memclr
<LI><a href="#[3a]">&gt;&gt;</a>&nbsp;&nbsp;&nbsp;__rt_ctype_table
<LI><a href="#[4a]">&gt;&gt;</a>&nbsp;&nbsp;&nbsp;Cursor_MoveTo
<LI><a href="#[48]">&gt;&gt;</a>&nbsp;&nbsp;&nbsp;ControlCode
<LI><a href="#[49]">&gt;&gt;</a>&nbsp;&nbsp;&nbsp;CSI_Sequence
</UL>
<BR>[Called By]<UL><LI><a href="#[34]">&gt;&gt;</a>&nbsp;&nbsp;&nbsp;main
</UL>

<P><STRONG><a name="[5b]"></a>ANSI_Init</STRONG> (Thumb, 74 bytes, Stack size 0 bytes, ansi.o(i.ANSI_Init))
<BR><BR>[Called By]<UL><LI><a href="#[34]">&gt;&gt;</a>&nbsp;&nbsp;&nbsp;main
</UL>

<P><STRONG><a name="[49]"></a>CSI_Sequence</STRONG> (Thumb, 106 bytes, Stack size 24 bytes, ansi.o(i.CSI_Sequence))
<BR><BR>[Stack]<UL><LI>Max Depth = 36<LI>Call Chain = CSI_Sequence &rArr; Putchar &rArr; FIFO_Write
</UL>
<BR>[Calls]<UL><LI><a href="#[4c]">&gt;&gt;</a>&nbsp;&nbsp;&nbsp;__aeabi_uidivmod
<LI><a href="#[4b]">&gt;&gt;</a>&nbsp;&nbsp;&nbsp;Putchar
</UL>
<BR>[Called By]<UL><LI><a href="#[47]">&gt;&gt;</a>&nbsp;&nbsp;&nbsp;ANSI_FSM
</UL>

<P><STRONG><a name="[48]"></a>ControlCode</STRONG> (Thumb, 140 bytes, Stack size 8 bytes, ansi.o(i.ControlCode))
<BR><BR>[Stack]<UL><LI>Max Depth = 80<LI>Call Chain = ControlCode &rArr; Cursor_MoveTo &rArr; __aeabi_memmove &rArr; __aeabi_memcpy
</UL>
<BR>[Calls]<UL><LI><a href="#[41]">&gt;&gt;</a>&nbsp;&nbsp;&nbsp;__aeabi_memclr
<LI><a href="#[4a]">&gt;&gt;</a>&nbsp;&nbsp;&nbsp;Cursor_MoveTo
</UL>
<BR>[Called By]<UL><LI><a href="#[47]">&gt;&gt;</a>&nbsp;&nbsp;&nbsp;ANSI_FSM
</UL>

<P><STRONG><a name="[4a]"></a>Cursor_MoveTo</STRONG> (Thumb, 108 bytes, Stack size 24 bytes, ansi.o(i.Cursor_MoveTo))
<BR><BR>[Stack]<UL><LI>Max Depth = 72<LI>Call Chain = Cursor_MoveTo &rArr; __aeabi_memmove &rArr; __aeabi_memcpy
</UL>
<BR>[Calls]<UL><LI><a href="#[41]">&gt;&gt;</a>&nbsp;&nbsp;&nbsp;__aeabi_memclr
<LI><a href="#[3d]">&gt;&gt;</a>&nbsp;&nbsp;&nbsp;__aeabi_memmove
</UL>
<BR>[Called By]<UL><LI><a href="#[48]">&gt;&gt;</a>&nbsp;&nbsp;&nbsp;ControlCode
<LI><a href="#[47]">&gt;&gt;</a>&nbsp;&nbsp;&nbsp;ANSI_FSM
</UL>

<P><STRONG><a name="[5d]"></a>Cursor_Task</STRONG> (Thumb, 60 bytes, Stack size 4 bytes, ansi.o(i.Cursor_Task))
<BR><BR>[Stack]<UL><LI>Max Depth = 4<LI>Call Chain = Cursor_Task
</UL>
<BR>[Called By]<UL><LI><a href="#[34]">&gt;&gt;</a>&nbsp;&nbsp;&nbsp;main
</UL>

<P><STRONG><a name="[55]"></a>Delay</STRONG> (Thumb, 12 bytes, Stack size 0 bytes, vga-min.o(i.Delay))
<BR><BR>[Called By]<UL><LI><a href="#[50]">&gt;&gt;</a>&nbsp;&nbsp;&nbsp;PS2_Send
</UL>

<P><STRONG><a name="[f]"></a>EXTI0_1_IRQHandler</STRONG> (Thumb, 260 bytes, Stack size 16 bytes, ps2.o(i.EXTI0_1_IRQHandler))
<BR><BR>[Stack]<UL><LI>Max Depth = 20<LI>Call Chain = EXTI0_1_IRQHandler &rArr; FIFO_Write
</UL>
<BR>[Calls]<UL><LI><a href="#[4d]">&gt;&gt;</a>&nbsp;&nbsp;&nbsp;FIFO_Write
</UL>
<BR>[Address Reference Count : 1]<UL><LI> startup_stm32f030.o(RESET)
</UL>
<P><STRONG><a name="[54]"></a>FIFO_Clear</STRONG> (Thumb, 8 bytes, Stack size 0 bytes, fifo.o(i.FIFO_Clear))
<BR><BR>[Called By]<UL><LI><a href="#[53]">&gt;&gt;</a>&nbsp;&nbsp;&nbsp;PS2_Init
<LI><a href="#[59]">&gt;&gt;</a>&nbsp;&nbsp;&nbsp;USART_Init
</UL>

<P><STRONG><a name="[58]"></a>FIFO_Read</STRONG> (Thumb, 34 bytes, Stack size 0 bytes, fifo.o(i.FIFO_Read))
<BR><BR>[Called By]<UL><LI><a href="#[21]">&gt;&gt;</a>&nbsp;&nbsp;&nbsp;USART1_IRQHandler
</UL>

<P><STRONG><a name="[5c]"></a>FIFO_ReadAvail</STRONG> (Thumb, 16 bytes, Stack size 0 bytes, fifo.o(i.FIFO_ReadAvail))
<BR><BR>[Called By]<UL><LI><a href="#[34]">&gt;&gt;</a>&nbsp;&nbsp;&nbsp;main
</UL>

<P><STRONG><a name="[4d]"></a>FIFO_Write</STRONG> (Thumb, 42 bytes, Stack size 4 bytes, fifo.o(i.FIFO_Write))
<BR><BR>[Stack]<UL><LI>Max Depth = 4<LI>Call Chain = FIFO_Write
</UL>
<BR>[Called By]<UL><LI><a href="#[f]">&gt;&gt;</a>&nbsp;&nbsp;&nbsp;EXTI0_1_IRQHandler
<LI><a href="#[21]">&gt;&gt;</a>&nbsp;&nbsp;&nbsp;USART1_IRQHandler
<LI><a href="#[4b]">&gt;&gt;</a>&nbsp;&nbsp;&nbsp;Putchar
</UL>

<P><STRONG><a name="[4e]"></a>Getc</STRONG> (Thumb, 26 bytes, Stack size 0 bytes, fifo.o(i.Getc))
<BR><BR>[Calls]<UL><LI><a href="#[4e]">&gt;&gt;</a>&nbsp;&nbsp;&nbsp;Getc
</UL>
<BR>[Called By]<UL><LI><a href="#[34]">&gt;&gt;</a>&nbsp;&nbsp;&nbsp;main
<LI><a href="#[56]">&gt;&gt;</a>&nbsp;&nbsp;&nbsp;PS2_Task
<LI><a href="#[4e]">&gt;&gt;</a>&nbsp;&nbsp;&nbsp;Getc
</UL>

<P><STRONG><a name="[4f]"></a>Key_Modifers</STRONG> (Thumb, 152 bytes, Stack size 24 bytes, ps2.o(i.Key_Modifers))
<BR><BR>[Stack]<UL><LI>Max Depth = 48<LI>Call Chain = Key_Modifers &rArr; PS2_Send
</UL>
<BR>[Calls]<UL><LI><a href="#[50]">&gt;&gt;</a>&nbsp;&nbsp;&nbsp;PS2_Send
</UL>
<BR>[Called By]<UL><LI><a href="#[51]">&gt;&gt;</a>&nbsp;&nbsp;&nbsp;PS2_Decode
</UL>

<P><STRONG><a name="[51]"></a>PS2_Decode</STRONG> (Thumb, 194 bytes, Stack size 32 bytes, ps2.o(i.PS2_Decode))
<BR><BR>[Stack]<UL><LI>Max Depth = 80<LI>Call Chain = PS2_Decode &rArr; Key_Modifers &rArr; PS2_Send
</UL>
<BR>[Calls]<UL><LI><a href="#[52]">&gt;&gt;</a>&nbsp;&nbsp;&nbsp;strchr
<LI><a href="#[3a]">&gt;&gt;</a>&nbsp;&nbsp;&nbsp;__rt_ctype_table
<LI><a href="#[4f]">&gt;&gt;</a>&nbsp;&nbsp;&nbsp;Key_Modifers
<LI><a href="#[4b]">&gt;&gt;</a>&nbsp;&nbsp;&nbsp;Putchar
</UL>
<BR>[Called By]<UL><LI><a href="#[56]">&gt;&gt;</a>&nbsp;&nbsp;&nbsp;PS2_Task
</UL>

<P><STRONG><a name="[53]"></a>PS2_Init</STRONG> (Thumb, 70 bytes, Stack size 8 bytes, ps2.o(i.PS2_Init))
<BR><BR>[Stack]<UL><LI>Max Depth = 8<LI>Call Chain = PS2_Init
</UL>
<BR>[Calls]<UL><LI><a href="#[54]">&gt;&gt;</a>&nbsp;&nbsp;&nbsp;FIFO_Clear
</UL>
<BR>[Called By]<UL><LI><a href="#[34]">&gt;&gt;</a>&nbsp;&nbsp;&nbsp;main
</UL>

<P><STRONG><a name="[50]"></a>PS2_Send</STRONG> (Thumb, 144 bytes, Stack size 24 bytes, ps2.o(i.PS2_Send))
<BR><BR>[Stack]<UL><LI>Max Depth = 24<LI>Call Chain = PS2_Send
</UL>
<BR>[Calls]<UL><LI><a href="#[55]">&gt;&gt;</a>&nbsp;&nbsp;&nbsp;Delay
</UL>
<BR>[Called By]<UL><LI><a href="#[56]">&gt;&gt;</a>&nbsp;&nbsp;&nbsp;PS2_Task
<LI><a href="#[4f]">&gt;&gt;</a>&nbsp;&nbsp;&nbsp;Key_Modifers
</UL>

<P><STRONG><a name="[56]"></a>PS2_Task</STRONG> (Thumb, 176 bytes, Stack size 8 bytes, ps2.o(i.PS2_Task))
<BR><BR>[Stack]<UL><LI>Max Depth = 88<LI>Call Chain = PS2_Task &rArr; PS2_Decode &rArr; Key_Modifers &rArr; PS2_Send
</UL>
<BR>[Calls]<UL><LI><a href="#[50]">&gt;&gt;</a>&nbsp;&nbsp;&nbsp;PS2_Send
<LI><a href="#[51]">&gt;&gt;</a>&nbsp;&nbsp;&nbsp;PS2_Decode
<LI><a href="#[4e]">&gt;&gt;</a>&nbsp;&nbsp;&nbsp;Getc
</UL>
<BR>[Called By]<UL><LI><a href="#[34]">&gt;&gt;</a>&nbsp;&nbsp;&nbsp;main
</UL>

<P><STRONG><a name="[9]"></a>PendSV_Handler</STRONG> (Thumb, 30 bytes, Stack size 0 bytes, vga-min.o(i.PendSV_Handler))
<BR>[Address Reference Count : 1]<UL><LI> startup_stm32f030.o(RESET)
</UL>
<P><STRONG><a name="[57]"></a>PutCSI</STRONG> (Thumb, 106 bytes, Stack size 24 bytes, ansi.o(i.PutCSI), UNUSED)
<BR><BR>[Calls]<UL><LI><a href="#[4c]">&gt;&gt;</a>&nbsp;&nbsp;&nbsp;__aeabi_uidivmod
<LI><a href="#[4b]">&gt;&gt;</a>&nbsp;&nbsp;&nbsp;Putchar
</UL>

<P><STRONG><a name="[4b]"></a>Putchar</STRONG> (Thumb, 28 bytes, Stack size 8 bytes, serial.o(i.Putchar))
<BR><BR>[Stack]<UL><LI>Max Depth = 12<LI>Call Chain = Putchar &rArr; FIFO_Write
</UL>
<BR>[Calls]<UL><LI><a href="#[4d]">&gt;&gt;</a>&nbsp;&nbsp;&nbsp;FIFO_Write
</UL>
<BR>[Called By]<UL><LI><a href="#[57]">&gt;&gt;</a>&nbsp;&nbsp;&nbsp;PutCSI
<LI><a href="#[49]">&gt;&gt;</a>&nbsp;&nbsp;&nbsp;CSI_Sequence
<LI><a href="#[51]">&gt;&gt;</a>&nbsp;&nbsp;&nbsp;PS2_Decode
</UL>

<P><STRONG><a name="[23]"></a>SystemInit</STRONG> (Thumb, 70 bytes, Stack size 0 bytes, rcc.o(i.SystemInit))
<BR>[Address Reference Count : 1]<UL><LI> startup_stm32f030.o(.text)
</UL>
<P><STRONG><a name="[18]"></a>TIM3_IRQHandler</STRONG> (Thumb, 522 bytes, Stack size 24 bytes, vga-min.o(i.TIM3_IRQHandler))
<BR><BR>[Stack]<UL><LI>Max Depth = 24<LI>Call Chain = TIM3_IRQHandler
</UL>
<BR>[Address Reference Count : 1]<UL><LI> startup_stm32f030.o(RESET)
</UL>
<P><STRONG><a name="[21]"></a>USART1_IRQHandler</STRONG> (Thumb, 58 bytes, Stack size 16 bytes, serial.o(i.USART1_IRQHandler))
<BR><BR>[Stack]<UL><LI>Max Depth = 20<LI>Call Chain = USART1_IRQHandler &rArr; FIFO_Write
</UL>
<BR>[Calls]<UL><LI><a href="#[4d]">&gt;&gt;</a>&nbsp;&nbsp;&nbsp;FIFO_Write
<LI><a href="#[58]">&gt;&gt;</a>&nbsp;&nbsp;&nbsp;FIFO_Read
</UL>
<BR>[Address Reference Count : 1]<UL><LI> startup_stm32f030.o(RESET)
</UL>
<P><STRONG><a name="[59]"></a>USART_Init</STRONG> (Thumb, 62 bytes, Stack size 8 bytes, serial.o(i.USART_Init))
<BR><BR>[Stack]<UL><LI>Max Depth = 8<LI>Call Chain = USART_Init
</UL>
<BR>[Calls]<UL><LI><a href="#[54]">&gt;&gt;</a>&nbsp;&nbsp;&nbsp;FIFO_Clear
</UL>
<BR>[Called By]<UL><LI><a href="#[34]">&gt;&gt;</a>&nbsp;&nbsp;&nbsp;main
</UL>

<P><STRONG><a name="[5a]"></a>VGA_Init</STRONG> (Thumb, 236 bytes, Stack size 0 bytes, vga-min.o(i.VGA_Init))
<BR><BR>[Called By]<UL><LI><a href="#[34]">&gt;&gt;</a>&nbsp;&nbsp;&nbsp;main
</UL>

<P><STRONG><a name="[26]"></a>VerticalBlank_CB</STRONG> (Thumb, 36 bytes, Stack size 0 bytes, ansi.o(i.VerticalBlank_CB))
<BR>[Address Reference Count : 1]<UL><LI> ansi.o(i.ANSI_Init)
</UL>
<P><STRONG><a name="[34]"></a>main</STRONG> (Thumb, 64 bytes, Stack size 0 bytes, term.o(i.main))
<BR><BR>[Stack]<UL><LI>Max Depth = 96<LI>Call Chain = main &rArr; ANSI_FSM &rArr; ControlCode &rArr; Cursor_MoveTo &rArr; __aeabi_memmove &rArr; __aeabi_memcpy
</UL>
<BR>[Calls]<UL><LI><a href="#[5d]">&gt;&gt;</a>&nbsp;&nbsp;&nbsp;Cursor_Task
<LI><a href="#[5b]">&gt;&gt;</a>&nbsp;&nbsp;&nbsp;ANSI_Init
<LI><a href="#[47]">&gt;&gt;</a>&nbsp;&nbsp;&nbsp;ANSI_FSM
<LI><a href="#[56]">&gt;&gt;</a>&nbsp;&nbsp;&nbsp;PS2_Task
<LI><a href="#[53]">&gt;&gt;</a>&nbsp;&nbsp;&nbsp;PS2_Init
<LI><a href="#[4e]">&gt;&gt;</a>&nbsp;&nbsp;&nbsp;Getc
<LI><a href="#[5c]">&gt;&gt;</a>&nbsp;&nbsp;&nbsp;FIFO_ReadAvail
<LI><a href="#[59]">&gt;&gt;</a>&nbsp;&nbsp;&nbsp;USART_Init
<LI><a href="#[5a]">&gt;&gt;</a>&nbsp;&nbsp;&nbsp;VGA_Init
</UL>
<BR>[Called By]<UL><LI><a href="#[33]">&gt;&gt;</a>&nbsp;&nbsp;&nbsp;__rt_entry_main
</UL>

<P><STRONG><a name="[25]"></a>_get_lc_ctype</STRONG> (Thumb, 44 bytes, Stack size 8 bytes, lc_ctype_c.o(locale$$code))
<BR><BR>[Stack]<UL><LI>Max Depth = 24<LI>Call Chain = _get_lc_ctype &rArr; strcmp
</UL>
<BR>[Calls]<UL><LI><a href="#[5e]">&gt;&gt;</a>&nbsp;&nbsp;&nbsp;strcmp
</UL>
<BR>[Called By]<UL><LI><a href="#[2e]">&gt;&gt;</a>&nbsp;&nbsp;&nbsp;__rt_lib_init_lc_ctype_2
</UL>
<BR>[Address Reference Count : 1]<UL><LI> rt_ctype_table.o(.text)
</UL><P>
<H3>
Local Symbols
</H3><P>
<H3>
Undefined Global Symbols
</H3>
<P><STRONG><a name="[45]"></a>_call_atexit_fns</STRONG> (ARM, 0 bytes, Stack size 0 bytes, UNDEFINED)
<BR><BR>[Called By]<UL><LI><a href="#[35]">&gt;&gt;</a>&nbsp;&nbsp;&nbsp;exit
</UL>
<HR></body></html>
